Archive member included to satisfy reference by file (symbol)

/Users/divya/Documents/MCUXpressoIDE_11.3.0/workspace/CMSIS_CORE_LPC17xx/Debug/libCMSIS_CORE_LPC17xx.a(system_LPC17xx.o)
                              ./src/cr_startup_lpc175x_6x.o (SystemInit)
/Applications/MCUXpressoIDE_11.3.0_5222/ide/plugins/com.nxp.mcuxpresso.tools.macosx_11.3.0.202011031536/tools/bin/../lib/gcc/arm-none-eabi/9.3.1/../../../../arm-none-eabi/lib/thumb/v7-m/nofp/libcr_semihost.a(_cr__main.o)
                              ./src/cr_startup_lpc175x_6x.o (__main)
/Applications/MCUXpressoIDE_11.3.0_5222/ide/plugins/com.nxp.mcuxpresso.tools.macosx_11.3.0.202011031536/tools/bin/../lib/gcc/arm-none-eabi/9.3.1/../../../../arm-none-eabi/lib/thumb/v7-m/nofp/libcr_c.a(fpprintf.o)
                              ./src/LPC1769_HelloWorld.o (printf)
/Applications/MCUXpressoIDE_11.3.0_5222/ide/plugins/com.nxp.mcuxpresso.tools.macosx_11.3.0.202011031536/tools/bin/../lib/gcc/arm-none-eabi/9.3.1/../../../../arm-none-eabi/lib/thumb/v7-m/nofp/libcr_c.a(initio.o)
                              /Applications/MCUXpressoIDE_11.3.0_5222/ide/plugins/com.nxp.mcuxpresso.tools.macosx_11.3.0.202011031536/tools/bin/../lib/gcc/arm-none-eabi/9.3.1/../../../../arm-none-eabi/lib/thumb/v7-m/nofp/libcr_semihost.a(_cr__main.o) (_initio)
/Applications/MCUXpressoIDE_11.3.0_5222/ide/plugins/com.nxp.mcuxpresso.tools.macosx_11.3.0.202011031536/tools/bin/../lib/gcc/arm-none-eabi/9.3.1/../../../../arm-none-eabi/lib/thumb/v7-m/nofp/libcr_c.a(printf.o)
                              /Applications/MCUXpressoIDE_11.3.0_5222/ide/plugins/com.nxp.mcuxpresso.tools.macosx_11.3.0.202011031536/tools/bin/../lib/gcc/arm-none-eabi/9.3.1/../../../../arm-none-eabi/lib/thumb/v7-m/nofp/libcr_c.a(fpprintf.o) (__vfprintf)
/Applications/MCUXpressoIDE_11.3.0_5222/ide/plugins/com.nxp.mcuxpresso.tools.macosx_11.3.0.202011031536/tools/bin/../lib/gcc/arm-none-eabi/9.3.1/../../../../arm-none-eabi/lib/thumb/v7-m/nofp/libcr_c.a(puts.o)
                              ./src/LPC1769_HelloWorld.o (puts)
/Applications/MCUXpressoIDE_11.3.0_5222/ide/plugins/com.nxp.mcuxpresso.tools.macosx_11.3.0.202011031536/tools/bin/../lib/gcc/arm-none-eabi/9.3.1/../../../../arm-none-eabi/lib/thumb/v7-m/nofp/libcr_c.a(setvbuf.o)
                              /Applications/MCUXpressoIDE_11.3.0_5222/ide/plugins/com.nxp.mcuxpresso.tools.macosx_11.3.0.202011031536/tools/bin/../lib/gcc/arm-none-eabi/9.3.1/../../../../arm-none-eabi/lib/thumb/v7-m/nofp/libcr_c.a(initio.o) (setvbuf)
/Applications/MCUXpressoIDE_11.3.0_5222/ide/plugins/com.nxp.mcuxpresso.tools.macosx_11.3.0.202011031536/tools/bin/../lib/gcc/arm-none-eabi/9.3.1/../../../../arm-none-eabi/lib/thumb/v7-m/nofp/libcr_c.a(strlen.o)
                              /Applications/MCUXpressoIDE_11.3.0_5222/ide/plugins/com.nxp.mcuxpresso.tools.macosx_11.3.0.202011031536/tools/bin/../lib/gcc/arm-none-eabi/9.3.1/../../../../arm-none-eabi/lib/thumb/v7-m/nofp/libcr_c.a(printf.o) (strlen)
/Applications/MCUXpressoIDE_11.3.0_5222/ide/plugins/com.nxp.mcuxpresso.tools.macosx_11.3.0.202011031536/tools/bin/../lib/gcc/arm-none-eabi/9.3.1/../../../../arm-none-eabi/lib/thumb/v7-m/nofp/libcr_c.a(memset.o)
                              /Applications/MCUXpressoIDE_11.3.0_5222/ide/plugins/com.nxp.mcuxpresso.tools.macosx_11.3.0.202011031536/tools/bin/../lib/gcc/arm-none-eabi/9.3.1/../../../../arm-none-eabi/lib/thumb/v7-m/nofp/libcr_c.a(fpprintf.o) (memset)
/Applications/MCUXpressoIDE_11.3.0_5222/ide/plugins/com.nxp.mcuxpresso.tools.macosx_11.3.0.202011031536/tools/bin/../lib/gcc/arm-none-eabi/9.3.1/../../../../arm-none-eabi/lib/thumb/v7-m/nofp/libcr_c.a(_deferredlazyseek.o)
                              /Applications/MCUXpressoIDE_11.3.0_5222/ide/plugins/com.nxp.mcuxpresso.tools.macosx_11.3.0.202011031536/tools/bin/../lib/gcc/arm-none-eabi/9.3.1/../../../../arm-none-eabi/lib/thumb/v7-m/nofp/libcr_c.a(fpprintf.o) (__flsbuf)
/Applications/MCUXpressoIDE_11.3.0_5222/ide/plugins/com.nxp.mcuxpresso.tools.macosx_11.3.0.202011031536/tools/bin/../lib/gcc/arm-none-eabi/9.3.1/../../../../arm-none-eabi/lib/thumb/v7-m/nofp/libcr_c.a(_fdopen.o)
                              /Applications/MCUXpressoIDE_11.3.0_5222/ide/plugins/com.nxp.mcuxpresso.tools.macosx_11.3.0.202011031536/tools/bin/../lib/gcc/arm-none-eabi/9.3.1/../../../../arm-none-eabi/lib/thumb/v7-m/nofp/libcr_c.a(initio.o) (_fdopen)
/Applications/MCUXpressoIDE_11.3.0_5222/ide/plugins/com.nxp.mcuxpresso.tools.macosx_11.3.0.202011031536/tools/bin/../lib/gcc/arm-none-eabi/9.3.1/../../../../arm-none-eabi/lib/thumb/v7-m/nofp/libcr_c.a(_fflush.o)
                              /Applications/MCUXpressoIDE_11.3.0_5222/ide/plugins/com.nxp.mcuxpresso.tools.macosx_11.3.0.202011031536/tools/bin/../lib/gcc/arm-none-eabi/9.3.1/../../../../arm-none-eabi/lib/thumb/v7-m/nofp/libcr_c.a(_deferredlazyseek.o) (_fflush)
[...]
Memory Configuration

Name             Origin             Length             Attributes
MFlash512        0x0000000000000000 0x0000000000080000 xr
RamLoc32         0x0000000010000000 0x0000000000008000 xrw
RamAHB32         0x000000002007c000 0x0000000000008000 xrw
*default*        0x0000000000000000 0xffffffffffffffff

Linker script and memory map

LOAD ./src/LPC1769_HelloWorld.o
LOAD ./src/cr_startup_lpc175x_6x.o
LOAD ./src/crp.o
LOAD /Users/divya/Documents/MCUXpressoIDE_11.3.0/workspace/CMSIS_CORE_LPC17xx/Debug/libCMSIS_CORE_LPC17xx.a
START GROUP
LOAD /Applications/MCUXpressoIDE_11.3.0_5222/ide/plugins/com.nxp.mcuxpresso.tools.macosx_11.3.0.202011031536/tools/bin/../lib/gcc/arm-none-eabi/9.3.1/../../../../arm-none-eabi/lib/thumb/v7-m/nofp/libcr_semihost.a
LOAD /Applications/MCUXpressoIDE_11.3.0_5222/ide/plugins/com.nxp.mcuxpresso.tools.macosx_11.3.0.202011031536/tools/bin/../lib/gcc/arm-none-eabi/9.3.1/../../../../arm-none-eabi/lib/thumb/v7-m/nofp/libcr_c.a
LOAD /Applications/MCUXpressoIDE_11.3.0_5222/ide/plugins/com.nxp.mcuxpresso.tools.macosx_11.3.0.202011031536/tools/bin/../lib/gcc/arm-none-eabi/9.3.1/thumb/v7-m/nofp/libcr_eabihelpers.a
LOAD /Applications/MCUXpressoIDE_11.3.0_5222/ide/plugins/com.nxp.mcuxpresso.tools.macosx_11.3.0.202011031536/tools/bin/../lib/gcc/arm-none-eabi/9.3.1/thumb/v7-m/nofp/libgcc.a
END GROUP
                0x0000000000000000                __base_MFlash512 = 0x0
                0x0000000000000000                __base_Flash = 0x0
                0x0000000000080000                __top_MFlash512 = 0x80000
                0x0000000000080000                __top_Flash = 0x80000
                0x0000000010000000                __base_RamLoc32 = 0x10000000
                0x0000000010000000                __base_RAM = 0x10000000
                0x0000000010008000                __top_RamLoc32 = 0x10008000
                0x0000000010008000                __top_RAM = 0x10008000
                0x000000002007c000                __base_RamAHB32 = 0x2007c000
                0x000000002007c000                __base_RAM2 = 0x2007c000
                0x0000000020084000                __top_RamAHB32 = 0x20084000
                0x0000000020084000                __top_RAM2 = 0x20084000

.text           0x0000000000000000      0xc00
 FILL mask 0xff
                0x0000000000000000                __vectors_start__ = ABSOLUTE (.)
 *(.isr_vector)
 .isr_vector    0x0000000000000000       0xcc ./src/cr_startup_lpc175x_6x.o
                0x0000000000000000                g_pfnVectors
                0x00000000000000cc                . = ALIGN (0x4)
                0x00000000000000cc                __section_table_start = .
                0x00000000000000cc                __data_section_table = .
                0x00000000000000cc        0x4 LONG 0xc00 LOADADDR (.data)
                0x00000000000000d0        0x4 LONG 0x10000000 ADDR (.data)
                0x00000000000000d4        0x4 LONG 0x0 SIZEOF (.data)
                0x00000000000000d8        0x4 LONG 0xc00 LOADADDR (.data_RAM2)
                0x00000000000000dc        0x4 LONG 0x2007c000 ADDR (.data_RAM2)
                0x00000000000000e0        0x4 LONG 0x0 SIZEOF (.data_RAM2)
                0x00000000000000e4                __data_section_table_end = .
                0x00000000000000e4                __bss_section_table = .
                0x00000000000000e4        0x4 LONG 0x10000000 ADDR (.bss)
                0x00000000000000e8        0x4 LONG 0x1e4 SIZEOF (.bss)
                0x00000000000000ec        0x4 LONG 0x2007c000 ADDR (.bss_RAM2)
                0x00000000000000f0        0x4 LONG 0x0 SIZEOF (.bss_RAM2)
                0x00000000000000f4                __bss_section_table_end = .
                0x00000000000000f4                __section_table_end = .
 *(.after_vectors*)
 .after_vectors
                0x00000000000000f4      0x130 ./src/cr_startup_lpc175x_6x.o
                0x00000000000000f4                data_init
                0x0000000000000138                bss_init
                0x0000000000000170                ResetISR
                0x00000000000001e8                NMI_Handler
                0x00000000000001ee                HardFault_Handler
                0x00000000000001f4                MemManage_Handler
                0x00000000000001fa                BusFault_Handler
                0x0000000000000200                UsageFault_Handler
                0x0000000000000206                SVC_Handler
                0x000000000000020c                DebugMon_Handler
                0x0000000000000212                PendSV_Handler
                0x0000000000000218                SysTick_Handler
                0x000000000000021e                IntDefaultHandler
                0x000000000000021e                PLL0_IRQHandler
                0x000000000000021e                CAN_IRQHandler
                0x000000000000021e                PLL1_IRQHandler
                0x000000000000021e                SSP0_IRQHandler
                0x000000000000021e                I2S_IRQHandler
                0x000000000000021e                I2C2_IRQHandler
                0x000000000000021e                RTC_IRQHandler
                0x000000000000021e                TIMER0_IRQHandler
                0x000000000000021e                SPI_IRQHandler
                0x000000000000021e                EINT1_IRQHandler
                0x000000000000021e                TIMER1_IRQHandler
                0x000000000000021e                UART2_IRQHandler
                0x000000000000021e                ADC_IRQHandler
                0x000000000000021e                SSP1_IRQHandler
                0x000000000000021e                USB_IRQHandler
                0x000000000000021e                BOD_IRQHandler
                0x000000000000021e                WDT_IRQHandler
                0x000000000000021e                QEI_IRQHandler
                0x000000000000021e                EINT0_IRQHandler
                0x000000000000021e                DMA_IRQHandler
                0x000000000000021e                UART3_IRQHandler
                0x000000000000021e                MCPWM_IRQHandler
                0x000000000000021e                TIMER2_IRQHandler
                0x000000000000021e                ENET_IRQHandler
                0x000000000000021e                RIT_IRQHandler
                0x000000000000021e                I2C0_IRQHandler
                0x000000000000021e                USBActivity_IRQHandler
                0x000000000000021e                PWM1_IRQHandler
                0x000000000000021e                I2C1_IRQHandler
                0x000000000000021e                EINT2_IRQHandler
                0x000000000000021e                UART1_IRQHandler
                0x000000000000021e                EINT3_IRQHandler
                0x000000000000021e                CANActivity_IRQHandler
                0x000000000000021e                TIMER3_IRQHandler
                0x000000000000021e                UART0_IRQHandler
                0x00000000000002fc                . = 0x2fc
 *fill*         0x0000000000000224       0xd8 ff
                0x00000000000002fc                PROVIDE (__CRP_WORD_START__ = .)
 *(.crp)
 .crp           0x00000000000002fc        0x4 ./src/crp.o
                0x00000000000002fc                CRP_WORD
                0x0000000000000300                PROVIDE (__CRP_WORD_END__ = .)
                0x0000000000000001                ASSERT (! ((__CRP_WORD_START__ == __CRP_WORD_END__)), Linker CRP Enabled, but no CRP_WORD provided within application)
 *(.text*)
 .text.main     0x0000000000000300       0x78 ./src/LPC1769_HelloWorld.o
                0x0000000000000300                main
 .text.GPIOinitInput
                0x0000000000000378       0x5c ./src/LPC1769_HelloWorld.o
                0x0000000000000378                GPIOinitInput
 .text.GPIOinitOut
                0x00000000000003d4       0x80 ./src/LPC1769_HelloWorld.o
                0x00000000000003d4                GPIOinitOut
 .text.readGPIO
                0x0000000000000454       0x70 ./src/LPC1769_HelloWorld.o
                0x0000000000000454                readGPIO
 .text.setGPIO  0x00000000000004c4       0x34 ./src/LPC1769_HelloWorld.o
                0x00000000000004c4                setGPIO
 .text.clearGPIO
                0x00000000000004f8       0x34 ./src/LPC1769_HelloWorld.o
                0x00000000000004f8                clearGPIO
 .text.SystemInit
                0x000000000000052c       0xdc /Users/divya/Documents/MCUXpressoIDE_11.3.0/workspace/CMSIS_CORE_LPC17xx/Debug/libCMSIS_CORE_LPC17xx.a(system_LPC17xx.o)
                0x000000000000052c                SystemInit
 .text.__main   0x0000000000000608        0xe /Applications/MCUXpressoIDE_11.3.0_5222/ide/plugins/com.nxp.mcuxpresso.tools.macosx_11.3.0.202011031536/tools/bin/../lib/gcc/arm-none-eabi/9.3.1/../../../../arm-none-eabi/lib/thumb/v7-m/nofp/libcr_semihost.a(_cr__main.o)
                0x0000000000000608                __main
                0x0000000000000608                __CR_SEMIHOST
 *fill*         0x0000000000000616        0x2 ff
 .text._initio  0x0000000000000618       0x78 /Applications/MCUXpressoIDE_11.3.0_5222/ide/plugins/com.nxp.mcuxpresso.tools.macosx_11.3.0.202011031536/tools/bin/../lib/gcc/arm-none-eabi/9.3.1/../../../../arm-none-eabi/lib/thumb/v7-m/nofp/libcr_c.a(initio.o)
                0x0000000000000618                _initio
 .text.puts     0x0000000000000690       0x34 /Applications/MCUXpressoIDE_11.3.0_5222/ide/plugins/com.nxp.mcuxpresso.tools.macosx_11.3.0.202011031536/tools/bin/../lib/gcc/arm-none-eabi/9.3.1/../../../../arm-none-eabi/lib/thumb/v7-m/nofp/libcr_c.a(puts.o)
                0x0000000000000690                puts
 .text.setvbuf  0x00000000000006c4       0x3e /Applications/MCUXpressoIDE_11.3.0_5222/ide/plugins/com.nxp.mcuxpresso.tools.macosx_11.3.0.202011031536/tools/bin/../lib/gcc/arm-none-eabi/9.3.1/../../../../arm-none-eabi/lib/thumb/v7-m/nofp/libcr_c.a(setvbuf.o)
                0x00000000000006c4                setvbuf
 .text.strlen   0x0000000000000702       0x4c /Applications/MCUXpressoIDE_11.3.0_5222/ide/plugins/com.nxp.mcuxpresso.tools.macosx_11.3.0.202011031536/tools/bin/../lib/gcc/arm-none-eabi/9.3.1/../../../../arm-none-eabi/lib/thumb/v7-m/nofp/libcr_c.a(strlen.o)
                0x0000000000000702                strlen
 .text.memset   0x000000000000074e        0x4 /Applications/MCUXpressoIDE_11.3.0_5222/ide/plugins/com.nxp.mcuxpresso.tools.macosx_11.3.0.202011031536/tools/bin/../lib/gcc/arm-none-eabi/9.3.1/../../../../arm-none-eabi/lib/thumb/v7-m/nofp/libcr_c.a(memset.o)
                0x000000000000074e                memset
 .text._deferredlazyseek
                0x0000000000000752       0x40 /Applications/MCUXpressoIDE_11.3.0_5222/ide/plugins/com.nxp.mcuxpresso.tools.macosx_11.3.0.202011031536/tools/bin/../lib/gcc/arm-none-eabi/9.3.1/../../../../arm-none-eabi/lib/thumb/v7-m/nofp/libcr_c.a(_deferredlazyseek.o)
                0x0000000000000752                _deferredlazyseek
 .text._fdopen  0x0000000000000792       0x68 /Applications/MCUXpressoIDE_11.3.0_5222/ide/plugins/com.nxp.mcuxpresso.tools.macosx_11.3.0.202011031536/tools/bin/../lib/gcc/arm-none-eabi/9.3.1/../../../../arm-none-eabi/lib/thumb/v7-m/nofp/libcr_c.a(_fdopen.o)
                0x0000000000000792                _fdopen
 .text._fflush  0x00000000000007fa       0x52 /Applications/MCUXpressoIDE_11.3.0_5222/ide/plugins/com.nxp.mcuxpresso.tools.macosx_11.3.0.202011031536/tools/bin/../lib/gcc/arm-none-eabi/9.3.1/../../../../arm-none-eabi/lib/thumb/v7-m/nofp/libcr_c.a(_fflush.o)
                0x00000000000007fa                _fflush
 .text._Cwritebuf
                0x000000000000084c       0x6c /Applications/MCUXpressoIDE_11.3.0_5222/ide/plugins/com.nxp.mcuxpresso.tools.macosx_11.3.0.202011031536/tools/bin/../lib/gcc/arm-none-eabi/9.3.1/../../../../arm-none-eabi/lib/thumb/v7-m/nofp/libcr_c.a(_writebuf.o)
                0x000000000000084c                _Cwritebuf
 .text.free     0x00000000000008b8       0x30 /Applications/MCUXpressoIDE_11.3.0_5222/ide/plugins/com.nxp.mcuxpresso.tools.macosx_11.3.0.202011031536/tools/bin/../lib/gcc/arm-none-eabi/9.3.1/../../../../arm-none-eabi/lib/thumb/v7-m/nofp/libcr_c.a(alloc.o)
                0x00000000000008b8                free
 .text.fclose   0x00000000000008e8       0x58 /Applications/MCUXpressoIDE_11.3.0_5222/ide/plugins/com.nxp.mcuxpresso.tools.macosx_11.3.0.202011031536/tools/bin/../lib/gcc/arm-none-eabi/9.3.1/../../../../arm-none-eabi/lib/thumb/v7-m/nofp/libcr_c.a(fclose.o)
                0x00000000000008e8                fclose
 .text.fflush   0x0000000000000940       0x44 /Applications/MCUXpressoIDE_11.3.0_5222/ide/plugins/com.nxp.mcuxpresso.tools.macosx_11.3.0.202011031536/tools/bin/../lib/gcc/arm-none-eabi/9.3.1/../../../../arm-none-eabi/lib/thumb/v7-m/nofp/libcr_c.a(fflush.o)
                0x0000000000000940                fflush
 .text.fseek    0x0000000000000984      0x100 /Applications/MCUXpressoIDE_11.3.0_5222/ide/plugins/com.nxp.mcuxpresso.tools.macosx_11.3.0.202011031536/tools/bin/../lib/gcc/arm-none-eabi/9.3.1/../../../../arm-none-eabi/lib/thumb/v7-m/nofp/libcr_c.a(fseek.o)
                0x0000000000000984                fseek
 .text.ftell    0x0000000000000a84       0x44 /Applications/MCUXpressoIDE_11.3.0_5222/ide/plugins/com.nxp.mcuxpresso.tools.macosx_11.3.0.202011031536/tools/bin/../lib/gcc/arm-none-eabi/9.3.1/../../../../arm-none-eabi/lib/thumb/v7-m/nofp/libcr_c.a(ftell.o)
                0x0000000000000a84                ftell
 .text.remove   0x0000000000000ac8       0x14 /Applications/MCUXpressoIDE_11.3.0_5222/ide/plugins/com.nxp.mcuxpresso.tools.macosx_11.3.0.202011031536/tools/bin/../lib/gcc/arm-none-eabi/9.3.1/../../../../arm-none-eabi/lib/thumb/v7-m/nofp/libcr_c.a(remove.o)
                0x0000000000000ac8                remove
 .text._do_fflush
                0x0000000000000adc       0x40 /Applications/MCUXpressoIDE_11.3.0_5222/ide/plugins/com.nxp.mcuxpresso.tools.macosx_11.3.0.202011031536/tools/bin/../lib/gcc/arm-none-eabi/9.3.1/../../../../arm-none-eabi/lib/thumb/v7-m/nofp/libcr_c.a(_do_fflush.o)
                0x0000000000000adc                _do_fflush
 .text.__aeabi_memset_lowlevel
                0x0000000000000b1c       0x32 /Applications/MCUXpressoIDE_11.3.0_5222/ide/plugins/com.nxp.mcuxpresso.tools.macosx_11.3.0.202011031536/tools/bin/../lib/gcc/arm-none-eabi/9.3.1/thumb/v7-m/nofp/libcr_eabihelpers.a(memcpy.o)
                0x0000000000000b1c                __aeabi_lowlevel_memset
 .text.__sys_close
                0x0000000000000b4e        0xc /Applications/MCUXpressoIDE_11.3.0_5222/ide/plugins/com.nxp.mcuxpresso.tools.macosx_11.3.0.202011031536/tools/bin/../lib/gcc/arm-none-eabi/9.3.1/../../../../arm-none-eabi/lib/thumb/v7-m/nofp/libcr_semihost.a(__sys_close.o)
                0x0000000000000b4e                __sys_close
 .text.__sys_flen
                0x0000000000000b5a        0xc /Applications/MCUXpressoIDE_11.3.0_5222/ide/plugins/com.nxp.mcuxpresso.tools.macosx_11.3.0.202011031536/tools/bin/../lib/gcc/arm-none-eabi/9.3.1/../../../../arm-none-eabi/lib/thumb/v7-m/nofp/libcr_semihost.a(__sys_flen.o)
                0x0000000000000b5a                __sys_flen
 .text.__sys_istty
                0x0000000000000b66        0xc /Applications/MCUXpressoIDE_11.3.0_5222/ide/plugins/com.nxp.mcuxpresso.tools.macosx_11.3.0.202011031536/tools/bin/../lib/gcc/arm-none-eabi/9.3.1/../../../../arm-none-eabi/lib/thumb/v7-m/nofp/libcr_semihost.a(__sys_istty.o)
                0x0000000000000b66                __sys_istty
 .text.__sys_remove
                0x0000000000000b72        0xc /Applications/MCUXpressoIDE_11.3.0_5222/ide/plugins/com.nxp.mcuxpresso.tools.macosx_11.3.0.202011031536/tools/bin/../lib/gcc/arm-none-eabi/9.3.1/../../../../arm-none-eabi/lib/thumb/v7-m/nofp/libcr_semihost.a(__sys_remove.o)
                0x0000000000000b72                __sys_remove
 .text.__sys_seek
                0x0000000000000b7e        0xc /Applications/MCUXpressoIDE_11.3.0_5222/ide/plugins/com.nxp.mcuxpresso.tools.macosx_11.3.0.202011031536/tools/bin/../lib/gcc/arm-none-eabi/9.3.1/../../../../arm-none-eabi/lib/thumb/v7-m/nofp/libcr_semihost.a(__sys_seek.o)
                0x0000000000000b7e                __sys_seek
 .text.__sys_tmpnam
                0x0000000000000b8a        0xc /Applications/MCUXpressoIDE_11.3.0_5222/ide/plugins/com.nxp.mcuxpresso.tools.macosx_11.3.0.202011031536/tools/bin/../lib/gcc/arm-none-eabi/9.3.1/../../../../arm-none-eabi/lib/thumb/v7-m/nofp/libcr_semihost.a(__sys_tmpnam.o)
                0x0000000000000b8a                __sys_tmpnam
 .text.__sys_write
                0x0000000000000b96        0xc /Applications/MCUXpressoIDE_11.3.0_5222/ide/plugins/com.nxp.mcuxpresso.tools.macosx_11.3.0.202011031536/tools/bin/../lib/gcc/arm-none-eabi/9.3.1/../../../../arm-none-eabi/lib/thumb/v7-m/nofp/libcr_semihost.a(__sys_write.o)
                0x0000000000000b96                __sys_write
 *(.rodata .rodata.* .constdata .constdata.*)
 *fill*         0x0000000000000ba2        0x2 ff
 .rodata.main.str1.4
                0x0000000000000ba4       0x1b ./src/LPC1769_HelloWorld.o
 *fill*         0x0000000000000bbf        0x1 ff
 .rodata.GPIOinitInput.str1.4
                0x0000000000000bc0       0x13 ./src/LPC1769_HelloWorld.o
 *fill*         0x0000000000000bd3        0x1 ff
 .rodata.setGPIO.str1.4
                0x0000000000000bd4       0x21 ./src/LPC1769_HelloWorld.o
 .rodata._initio.str1.1
                0x0000000000000bf5        0x4 /Applications/MCUXpressoIDE_11.3.0_5222/ide/plugins/com.nxp.mcuxpresso.tools.macosx_11.3.0.202011031536/tools/bin/../lib/gcc/arm-none-eabi/9.3.1/../../../../arm-none-eabi/lib/thumb/v7-m/nofp/libcr_c.a(initio.o)
 .rodata.puts.str1.1
                0x0000000000000bf9        0x2 /Applications/MCUXpressoIDE_11.3.0_5222/ide/plugins/com.nxp.mcuxpresso.tools.macosx_11.3.0.202011031536/tools/bin/../lib/gcc/arm-none-eabi/9.3.1/../../../../arm-none-eabi/lib/thumb/v7-m/nofp/libcr_c.a(puts.o)
 *fill*         0x0000000000000bfb        0x1 ff
 .rodata.__num_Ciob_streams
                0x0000000000000bfc        0x4 /Applications/MCUXpressoIDE_11.3.0_5222/ide/plugins/com.nxp.mcuxpresso.tools.macosx_11.3.0.202011031536/tools/bin/../lib/gcc/arm-none-eabi/9.3.1/../../../../arm-none-eabi/lib/thumb/v7-m/nofp/libcr_semihost.a(__ciob.o)
                0x0000000000000bfc                __num_Ciob_streams
                0x0000000000000c00                . = ALIGN (0x4)

.glue_7         0x0000000000000c00        0x0
 .glue_7        0x0000000000000c00        0x0 linker stubs

.glue_7t        0x0000000000000c00        0x0
 .glue_7t       0x0000000000000c00        0x0 linker stubs

.vfp11_veneer   0x0000000000000c00        0x0
 .vfp11_veneer  0x0000000000000c00        0x0 linker stubs

.v4_bx          0x0000000000000c00        0x0
 .v4_bx         0x0000000000000c00        0x0 linker stubs

.iplt           0x0000000000000c00        0x0
 .iplt          0x0000000000000c00        0x0 ./src/LPC1769_HelloWorld.o

.rel.dyn        0x0000000000000c00        0x0
 .rel.iplt      0x0000000000000c00        0x0 ./src/LPC1769_HelloWorld.o

.ARM.extab
 *(.ARM.extab* .gnu.linkonce.armextab.*)

.ARM.exidx      0x0000000000000c00        0x0
                0x0000000000000c00                __exidx_start = .
 *(.ARM.exidx* .gnu.linkonce.armexidx.*)
                0x0000000000000c00                __exidx_end = .
                0x0000000000000c00                _etext = .

.data_RAM2      0x000000002007c000        0x0 load address 0x0000000000000c00
 FILL mask 0xff
                [!provide]                        PROVIDE (__start_data_RAM2 = .)
                [!provide]                        PROVIDE (__start_data_RamAHB32 = .)
 *(.ramfunc.$RAM2)
 *(.ramfunc.$RamAHB32)
 *(.data.$RAM2)
 *(.data.$RamAHB32)
 *(.data.$RAM2.*)
 *(.data.$RamAHB32.*)
                0x000000002007c000                . = ALIGN (0x4)
                [!provide]                        PROVIDE (__end_data_RAM2 = .)
                [!provide]                        PROVIDE (__end_data_RamAHB32 = .)

.uninit_RESERVED
                0x0000000010000000        0x0
                0x0000000010000000                _start_uninit_RESERVED = .
 *(.bss.$RESERVED*)
                0x0000000010000000                . = ALIGN (0x4)
                0x0000000010000000                _end_uninit_RESERVED = .

.data           0x0000000010000000        0x0 load address 0x0000000000000c00
 FILL mask 0xff
                0x0000000010000000                _data = .
                [!provide]                        PROVIDE (__start_data_RAM = .)
                [!provide]                        PROVIDE (__start_data_RamLoc32 = .)
 *(vtable)
 *(.ramfunc*)
 *(CodeQuickAccess)
 *(DataQuickAccess)
 *(RamFunction)
 *(.data*)
                0x0000000010000000                . = ALIGN (0x4)
                0x0000000010000000                _edata = .
                [!provide]                        PROVIDE (__end_data_RAM = .)
                [!provide]                        PROVIDE (__end_data_RamLoc32 = .)

.igot.plt       0x0000000010000000        0x0 load address 0x0000000000000c00
 .igot.plt      0x0000000010000000        0x0 ./src/LPC1769_HelloWorld.o

.bss_RAM2       0x000000002007c000        0x0
                [!provide]                        PROVIDE (__start_bss_RAM2 = .)
                [!provide]                        PROVIDE (__start_bss_RamAHB32 = .)
 *(.bss.$RAM2)
 *(.bss.$RamAHB32)
 *(.bss.$RAM2.*)
 *(.bss.$RamAHB32.*)
                0x000000002007c000                . = ALIGN ((. != 0x0)?0x4:0x1)
                [!provide]                        PROVIDE (__end_bss_RAM2 = .)
                [!provide]                        PROVIDE (__end_bss_RamAHB32 = .)

.bss            0x0000000010000000      0x1e4
                0x0000000010000000                _bss = .
                [!provide]                        PROVIDE (__start_bss_RAM = .)
                [!provide]                        PROVIDE (__start_bss_RamLoc32 = .)
 *(.bss*)
 .bss.errno     0x0000000010000000        0x4 /Applications/MCUXpressoIDE_11.3.0_5222/ide/plugins/com.nxp.mcuxpresso.tools.macosx_11.3.0.202011031536/tools/bin/../lib/gcc/arm-none-eabi/9.3.1/../../../../arm-none-eabi/lib/thumb/v7-m/nofp/libcr_c.a(errno.o)
                0x0000000010000000                errno
 .bss.__Ciob    0x0000000010000004      0x1e0 /Applications/MCUXpressoIDE_11.3.0_5222/ide/plugins/com.nxp.mcuxpresso.tools.macosx_11.3.0.202011031536/tools/bin/../lib/gcc/arm-none-eabi/9.3.1/../../../../arm-none-eabi/lib/thumb/v7-m/nofp/libcr_semihost.a(__ciob.o)
                0x0000000010000004                __Ciob
 *(COMMON)
                0x00000000100001e4                . = ALIGN (0x4)
                0x00000000100001e4                _ebss = .
                [!provide]                        PROVIDE (__end_bss_RAM = .)
                [!provide]                        PROVIDE (__end_bss_RamLoc32 = .)
                [!provide]                        PROVIDE (end = .)

.noinit_RAM2    0x000000002007c000        0x0
                [!provide]                        PROVIDE (__start_noinit_RAM2 = .)
                [!provide]                        PROVIDE (__start_noinit_RamAHB32 = .)
 *(.noinit.$RAM2)
 *(.noinit.$RamAHB32)
 *(.noinit.$RAM2.*)
 *(.noinit.$RamAHB32.*)
                0x000000002007c000                . = ALIGN (0x4)
                [!provide]                        PROVIDE (__end_noinit_RAM2 = .)
                [!provide]                        PROVIDE (__end_noinit_RamAHB32 = .)

.noinit         0x00000000100001e4        0x0
                0x00000000100001e4                _noinit = .
                [!provide]                        PROVIDE (__start_noinit_RAM = .)
                [!provide]                        PROVIDE (__start_noinit_RamLoc32 = .)
 *(.noinit*)
                0x00000000100001e4                . = ALIGN (0x4)
                0x00000000100001e4                _end_noinit = .
                [!provide]                        PROVIDE (__end_noinit_RAM = .)
                [!provide]                        PROVIDE (__end_noinit_RamLoc32 = .)
                0x00000000100001e4                PROVIDE (_pvHeapStart = DEFINED (__user_heap_base)?__user_heap_base:.)
                0x0000000010008000                PROVIDE (_vStackTop = DEFINED (__user_stack_top)?__user_stack_top:(__top_RamLoc32 - 0x0))
                0xffffffffefff74c6                PROVIDE (__valid_user_code_checksum = (0x0 - ((((((_vStackTop + (ResetISR + 0x1)) + (NMI_Handler + 0x1)) + (HardFault_Handler + 0x1)) + (DEFINED (MemManage_Handler)?MemManage_Handler:0x0 + 0x1)) + (DEFINED (BusFault_Handler)?BusFault_Handler:0x0 + 0x1)) + (DEFINED (UsageFault_Handler)?UsageFault_Handler:0x0 + 0x1))))
                0x0000000000000000                _image_start = LOADADDR (.text)
                0x0000000000000c00                _image_end = (LOADADDR (.data) + SIZEOF (.data))
                0x0000000000000c00                _image_size = (_image_end - _image_start)
OUTPUT(LPC1769_HelloWorld.axf elf32-littlearm)
LOAD linker stubs

.debug_info     0x0000000000000000      0xc74
 .debug_info    0x0000000000000000      0x645 ./src/LPC1769_HelloWorld.o
 .debug_info    0x0000000000000645      0x272 ./src/cr_startup_lpc175x_6x.o
 .debug_info    0x00000000000008b7       0x40 ./src/crp.o
 .debug_info    0x00000000000008f7      0x37d /Users/divya/Documents/MCUXpressoIDE_11.3.0/workspace/CMSIS_CORE_LPC17xx/Debug/libCMSIS_CORE_LPC17xx.a(system_LPC17xx.o)

.debug_abbrev   0x0000000000000000      0x3e8
 .debug_abbrev  0x0000000000000000      0x17d ./src/LPC1769_HelloWorld.o
 .debug_abbrev  0x000000000000017d      0x117 ./src/cr_startup_lpc175x_6x.o
 .debug_abbrev  0x0000000000000294       0x38 ./src/crp.o
 .debug_abbrev  0x00000000000002cc      0x11c /Users/divya/Documents/MCUXpressoIDE_11.3.0/workspace/CMSIS_CORE_LPC17xx/Debug/libCMSIS_CORE_LPC17xx.a(system_LPC17xx.o)

.debug_aranges  0x0000000000000000      0x110
 .debug_aranges
                0x0000000000000000       0x50 ./src/LPC1769_HelloWorld.o
 .debug_aranges
                0x0000000000000050       0x80 ./src/cr_startup_lpc175x_6x.o
 .debug_aranges
                0x00000000000000d0       0x18 ./src/crp.o
 .debug_aranges
                0x00000000000000e8       0x28 /Users/divya/Documents/MCUXpressoIDE_11.3.0/workspace/CMSIS_CORE_LPC17xx/Debug/libCMSIS_CORE_LPC17xx.a(system_LPC17xx.o)

.debug_ranges   0x0000000000000000       0xc8
 .debug_ranges  0x0000000000000000       0x40 ./src/LPC1769_HelloWorld.o
 .debug_ranges  0x0000000000000040       0x70 ./src/cr_startup_lpc175x_6x.o
 .debug_ranges  0x00000000000000b0       0x18 /Users/divya/Documents/MCUXpressoIDE_11.3.0/workspace/CMSIS_CORE_LPC17xx/Debug/libCMSIS_CORE_LPC17xx.a(system_LPC17xx.o)

.debug_macro    0x0000000000000000     0x2eae
 .debug_macro   0x0000000000000000       0xac ./src/LPC1769_HelloWorld.o
 .debug_macro   0x00000000000000ac      0xaae ./src/LPC1769_HelloWorld.o
 .debug_macro   0x0000000000000b5a       0x1c ./src/LPC1769_HelloWorld.o
 .debug_macro   0x0000000000000b76       0x3a ./src/LPC1769_HelloWorld.o
 .debug_macro   0x0000000000000bb0       0x10 ./src/LPC1769_HelloWorld.o
 .debug_macro   0x0000000000000bc0      0x12e ./src/LPC1769_HelloWorld.o
 .debug_macro   0x0000000000000cee      0x5b3 ./src/LPC1769_HelloWorld.o
 .debug_macro   0x00000000000012a1       0x2d ./src/LPC1769_HelloWorld.o
 .debug_macro   0x00000000000012ce      0xbb1 ./src/LPC1769_HelloWorld.o
 .debug_macro   0x0000000000001e7f      0x2c7 ./src/LPC1769_HelloWorld.o
 .debug_macro   0x0000000000002146       0x82 ./src/LPC1769_HelloWorld.o
 .debug_macro   0x00000000000021c8       0xa0 ./src/LPC1769_HelloWorld.o
 .debug_macro   0x0000000000002268       0x1d ./src/cr_startup_lpc175x_6x.o
 .debug_macro   0x0000000000002285       0x1a ./src/crp.o
 .debug_macro   0x000000000000229f       0x34 ./src/crp.o
 .debug_macro   0x00000000000022d3      0x12d /Users/divya/Documents/MCUXpressoIDE_11.3.0/workspace/CMSIS_CORE_LPC17xx/Debug/libCMSIS_CORE_LPC17xx.a(system_LPC17xx.o)
 .debug_macro   0x0000000000002400      0xaae /Users/divya/Documents/MCUXpressoIDE_11.3.0/workspace/CMSIS_CORE_LPC17xx/Debug/libCMSIS_CORE_LPC17xx.a(system_LPC17xx.o)

.debug_line     0x0000000000000000      0xad6
 .debug_line    0x0000000000000000      0x437 ./src/LPC1769_HelloWorld.o
 .debug_line    0x0000000000000437      0x160 ./src/cr_startup_lpc175x_6x.o
 .debug_line    0x0000000000000597       0xb9 ./src/crp.o
 .debug_line    0x0000000000000650      0x486 /Users/divya/Documents/MCUXpressoIDE_11.3.0/workspace/CMSIS_CORE_LPC17xx/Debug/libCMSIS_CORE_LPC17xx.a(system_LPC17xx.o)

.debug_str      0x0000000000000000     0xaed5
 .debug_str     0x0000000000000000     0xa6d1 ./src/LPC1769_HelloWorld.o
                                       0xa769 (size before relaxing)
 .debug_str     0x000000000000a6d1      0x1d6 ./src/cr_startup_lpc175x_6x.o
                                       0x2fc0 (size before relaxing)
 .debug_str     0x000000000000a8a7       0xe9 ./src/crp.o
                                       0x2ecd (size before relaxing)
 .debug_str     0x000000000000a990      0x545 /Users/divya/Documents/MCUXpressoIDE_11.3.0/workspace/CMSIS_CORE_LPC17xx/Debug/libCMSIS_CORE_LPC17xx.a(system_LPC17xx.o)
                                       0xa229 (size before relaxing)

.comment        0x0000000000000000       0x4c
 .comment       0x0000000000000000       0x4c ./src/LPC1769_HelloWorld.o
                                         0x4d (size before relaxing)
 .comment       0x000000000000004c       0x4d ./src/cr_startup_lpc175x_6x.o
 .comment       0x000000000000004c       0x4d ./src/crp.o
 .comment       0x000000000000004c       0x4d /Users/divya/Documents/MCUXpressoIDE_11.3.0/workspace/CMSIS_CORE_LPC17xx/Debug/libCMSIS_CORE_LPC17xx.a(system_LPC17xx.o)
 .comment       0x000000000000004c       0x4d /Applications/MCUXpressoIDE_11.3.0_5222/ide/plugins/com.nxp.mcuxpresso.tools.macosx_11.3.0.202011031536/tools/bin/../lib/gcc/arm-none-eabi/9.3.1/../../../../arm-none-eabi/lib/thumb/v7-m/nofp/libcr_semihost.a(_cr__main.o)
 .comment       0x000000000000004c       0x4d /Applications/MCUXpressoIDE_11.3.0_5222/ide/plugins/com.nxp.mcuxpresso.tools.macosx_11.3.0.202011031536/tools/bin/../lib/gcc/arm-none-eabi/9.3.1/../../../../arm-none-eabi/lib/thumb/v7-m/nofp/libcr_c.a(initio.o)
 .comment       0x000000000000004c       0x4d /Applications/MCUXpressoIDE_11.3.0_5222/ide/plugins/com.nxp.mcuxpresso.tools.macosx_11.3.0.202011031536/tools/bin/../lib/gcc/arm-none-eabi/9.3.1/../../../../arm-none-eabi/lib/thumb/v7-m/nofp/libcr_c.a(puts.o)
 .comment       0x000000000000004c       0x4d /Applications/MCUXpressoIDE_11.3.0_5222/ide/plugins/com.nxp.mcuxpresso.tools.macosx_11.3.0.202011031536/tools/bin/../lib/gcc/arm-none-eabi/9.3.1/../../../../arm-none-eabi/lib/thumb/v7-m/nofp/libcr_c.a(setvbuf.o)
 .comment       0x000000000000004c       0x4d /Applications/MCUXpressoIDE_11.3.0_5222/ide/plugins/com.nxp.mcuxpresso.tools.macosx_11.3.0.202011031536/tools/bin/../lib/gcc/arm-none-eabi/9.3.1/../../../../arm-none-eabi/lib/thumb/v7-m/nofp/libcr_c.a(strlen.o)
 .comment       0x000000000000004c       0x4d /Applications/MCUXpressoIDE_11.3.0_5222/ide/plugins/com.nxp.mcuxpresso.tools.macosx_11.3.0.202011031536/tools/bin/../lib/gcc/arm-none-eabi/9.3.1/../../../../arm-none-eabi/lib/thumb/v7-m/nofp/libcr_c.a(memset.o)
 .comment       0x000000000000004c       0x4d /Applications/MCUXpressoIDE_11.3.0_5222/ide/plugins/com.nxp.mcuxpresso.tools.macosx_11.3.0.202011031536/tools/bin/../lib/gcc/arm-none-eabi/9.3.1/../../../../arm-none-eabi/lib/thumb/v7-m/nofp/libcr_c.a(_deferredlazyseek.o)
 .comment       0x000000000000004c       0x4d /Applications/MCUXpressoIDE_11.3.0_5222/ide/plugins/com.nxp.mcuxpresso.tools.macosx_11.3.0.202011031536/tools/bin/../lib/gcc/arm-none-eabi/9.3.1/../../../../arm-none-eabi/lib/thumb/v7-m/nofp/libcr_c.a(_fdopen.o)
 .comment       0x000000000000004c       0x4d /Applications/MCUXpressoIDE_11.3.0_5222/ide/plugins/com.nxp.mcuxpresso.tools.macosx_11.3.0.202011031536/tools/bin/../lib/gcc/arm-none-eabi/9.3.1/../../../../arm-none-eabi/lib/thumb/v7-m/nofp/libcr_c.a(_fflush.o)
 .comment       0x000000000000004c       0x4d /Applications/MCUXpressoIDE_11.3.0_5222/ide/plugins/com.nxp.mcuxpresso.tools.macosx_11.3.0.202011031536/tools/bin/../lib/gcc/arm-none-eabi/9.3.1/../../../../arm-none-eabi/lib/thumb/v7-m/nofp/libcr_c.a(_writebuf.o)
 .comment       0x000000000000004c       0x4d /Applications/MCUXpressoIDE_11.3.0_5222/ide/plugins/com.nxp.mcuxpresso.tools.macosx_11.3.0.202011031536/tools/bin/../lib/gcc/arm-none-eabi/9.3.1/../../../../arm-none-eabi/lib/thumb/v7-m/nofp/libcr_c.a(alloc.o)
 .comment       0x000000000000004c       0x4d /Applications/MCUXpressoIDE_11.3.0_5222/ide/plugins/com.nxp.mcuxpresso.tools.macosx_11.3.0.202011031536/tools/bin/../lib/gcc/arm-none-eabi/9.3.1/../../../../arm-none-eabi/lib/thumb/v7-m/nofp/libcr_c.a(errno.o)
 .comment       0x000000000000004c       0x4d /Applications/MCUXpressoIDE_11.3.0_5222/ide/plugins/com.nxp.mcuxpresso.tools.macosx_11.3.0.202011031536/tools/bin/../lib/gcc/arm-none-eabi/9.3.1/../../../../arm-none-eabi/lib/thumb/v7-m/nofp/libcr_c.a(fclose.o)
 .comment       0x000000000000004c       0x4d /Applications/MCUXpressoIDE_11.3.0_5222/ide/plugins/com.nxp.mcuxpresso.tools.macosx_11.3.0.202011031536/tools/bin/../lib/gcc/arm-none-eabi/9.3.1/../../../../arm-none-eabi/lib/thumb/v7-m/nofp/libcr_c.a(fflush.o)
 .comment       0x000000000000004c       0x4d /Applications/MCUXpressoIDE_11.3.0_5222/ide/plugins/com.nxp.mcuxpresso.tools.macosx_11.3.0.202011031536/tools/bin/../lib/gcc/arm-none-eabi/9.3.1/../../../../arm-none-eabi/lib/thumb/v7-m/nofp/libcr_c.a(fseek.o)
 .comment       0x000000000000004c       0x4d /Applications/MCUXpressoIDE_11.3.0_5222/ide/plugins/com.nxp.mcuxpresso.tools.macosx_11.3.0.202011031536/tools/bin/../lib/gcc/arm-none-eabi/9.3.1/../../../../arm-none-eabi/lib/thumb/v7-m/nofp/libcr_c.a(ftell.o)
 .comment       0x000000000000004c       0x4d /Applications/MCUXpressoIDE_11.3.0_5222/ide/plugins/com.nxp.mcuxpresso.tools.macosx_11.3.0.202011031536/tools/bin/../lib/gcc/arm-none-eabi/9.3.1/../../../../arm-none-eabi/lib/thumb/v7-m/nofp/libcr_c.a(remove.o)
 .comment       0x000000000000004c       0x4d /Applications/MCUXpressoIDE_11.3.0_5222/ide/plugins/com.nxp.mcuxpresso.tools.macosx_11.3.0.202011031536/tools/bin/../lib/gcc/arm-none-eabi/9.3.1/../../../../arm-none-eabi/lib/thumb/v7-m/nofp/libcr_c.a(_do_fflush.o)
 .comment       0x000000000000004c       0x4d /Applications/MCUXpressoIDE_11.3.0_5222/ide/plugins/com.nxp.mcuxpresso.tools.macosx_11.3.0.202011031536/tools/bin/../lib/gcc/arm-none-eabi/9.3.1/../../../../arm-none-eabi/lib/thumb/v7-m/nofp/libcr_semihost.a(__ciob.o)

.ARM.attributes
                0x0000000000000000       0x2b
 .ARM.attributes
                0x0000000000000000       0x2d ./src/LPC1769_HelloWorld.o
 .ARM.attributes
                0x000000000000002d       0x2d ./src/cr_startup_lpc175x_6x.o
 .ARM.attributes
                0x000000000000005a       0x33 ./src/crp.o
 .ARM.attributes
                0x000000000000008d       0x2d /Users/divya/Documents/MCUXpressoIDE_11.3.0/workspace/CMSIS_CORE_LPC17xx/Debug/libCMSIS_CORE_LPC17xx.a(system_LPC17xx.o)
 .ARM.attributes
                0x00000000000000ba       0x2d /Applications/MCUXpressoIDE_11.3.0_5222/ide/plugins/com.nxp.mcuxpresso.tools.macosx_11.3.0.202011031536/tools/bin/../lib/gcc/arm-none-eabi/9.3.1/../../../../arm-none-eabi/lib/thumb/v7-m/nofp/libcr_semihost.a(_cr__main.o)
 .ARM.attributes
                0x00000000000000e7       0x2d /Applications/MCUXpressoIDE_11.3.0_5222/ide/plugins/com.nxp.mcuxpresso.tools.macosx_11.3.0.202011031536/tools/bin/../lib/gcc/arm-none-eabi/9.3.1/../../../../arm-none-eabi/lib/thumb/v7-m/nofp/libcr_c.a(initio.o)
 .ARM.attributes
                0x0000000000000114       0x2d /Applications/MCUXpressoIDE_11.3.0_5222/ide/plugins/com.nxp.mcuxpresso.tools.macosx_11.3.0.202011031536/tools/bin/../lib/gcc/arm-none-eabi/9.3.1/../../../../arm-none-eabi/lib/thumb/v7-m/nofp/libcr_c.a(puts.o)
 .ARM.attributes
                0x0000000000000141       0x2d /Applications/MCUXpressoIDE_11.3.0_5222/ide/plugins/com.nxp.mcuxpresso.tools.macosx_11.3.0.202011031536/tools/bin/../lib/gcc/arm-none-eabi/9.3.1/../../../../arm-none-eabi/lib/thumb/v7-m/nofp/libcr_c.a(setvbuf.o)
 .ARM.attributes
                0x000000000000016e       0x2d /Applications/MCUXpressoIDE_11.3.0_5222/ide/plugins/com.nxp.mcuxpresso.tools.macosx_11.3.0.202011031536/tools/bin/../lib/gcc/arm-none-eabi/9.3.1/../../../../arm-none-eabi/lib/thumb/v7-m/nofp/libcr_c.a(strlen.o)
 .ARM.attributes
                0x000000000000019b       0x2d /Applications/MCUXpressoIDE_11.3.0_5222/ide/plugins/com.nxp.mcuxpresso.tools.macosx_11.3.0.202011031536/tools/bin/../lib/gcc/arm-none-eabi/9.3.1/../../../../arm-none-eabi/lib/thumb/v7-m/nofp/libcr_c.a(memset.o)
 .ARM.attributes
                0x00000000000001c8       0x2d /Applications/MCUXpressoIDE_11.3.0_5222/ide/plugins/com.nxp.mcuxpresso.tools.macosx_11.3.0.202011031536/tools/bin/../lib/gcc/arm-none-eabi/9.3.1/../../../../arm-none-eabi/lib/thumb/v7-m/nofp/libcr_c.a(_deferredlazyseek.o)
 .ARM.attributes
                0x00000000000001f5       0x2d /Applications/MCUXpressoIDE_11.3.0_5222/ide/plugins/com.nxp.mcuxpresso.tools.macosx_11.3.0.202011031536/tools/bin/../lib/gcc/arm-none-eabi/9.3.1/../../../../arm-none-eabi/lib/thumb/v7-m/nofp/libcr_c.a(_fdopen.o)
 .ARM.attributes
                0x0000000000000222       0x2d /Applications/MCUXpressoIDE_11.3.0_5222/ide/plugins/com.nxp.mcuxpresso.tools.macosx_11.3.0.202011031536/tools/bin/../lib/gcc/arm-none-eabi/9.3.1/../../../../arm-none-eabi/lib/thumb/v7-m/nofp/libcr_c.a(_fflush.o)
 .ARM.attributes
                0x000000000000024f       0x2d /Applications/MCUXpressoIDE_11.3.0_5222/ide/plugins/com.nxp.mcuxpresso.tools.macosx_11.3.0.202011031536/tools/bin/../lib/gcc/arm-none-eabi/9.3.1/../../../../arm-none-eabi/lib/thumb/v7-m/nofp/libcr_c.a(_writebuf.o)
 .ARM.attributes
                0x000000000000027c       0x2d /Applications/MCUXpressoIDE_11.3.0_5222/ide/plugins/com.nxp.mcuxpresso.tools.macosx_11.3.0.202011031536/tools/bin/../lib/gcc/arm-none-eabi/9.3.1/../../../../arm-none-eabi/lib/thumb/v7-m/nofp/libcr_c.a(alloc.o)
 .ARM.attributes
                0x00000000000002a9       0x33 /Applications/MCUXpressoIDE_11.3.0_5222/ide/plugins/com.nxp.mcuxpresso.tools.macosx_11.3.0.202011031536/tools/bin/../lib/gcc/arm-none-eabi/9.3.1/../../../../arm-none-eabi/lib/thumb/v7-m/nofp/libcr_c.a(errno.o)
 .ARM.attributes
                0x00000000000002dc       0x2d /Applications/MCUXpressoIDE_11.3.0_5222/ide/plugins/com.nxp.mcuxpresso.tools.macosx_11.3.0.202011031536/tools/bin/../lib/gcc/arm-none-eabi/9.3.1/../../../../arm-none-eabi/lib/thumb/v7-m/nofp/libcr_c.a(fclose.o)
 .ARM.attributes
                0x0000000000000309       0x2d /Applications/MCUXpressoIDE_11.3.0_5222/ide/plugins/com.nxp.mcuxpresso.tools.macosx_11.3.0.202011031536/tools/bin/../lib/gcc/arm-none-eabi/9.3.1/../../../../arm-none-eabi/lib/thumb/v7-m/nofp/libcr_c.a(fflush.o)
 .ARM.attributes
                0x0000000000000336       0x2d /Applications/MCUXpressoIDE_11.3.0_5222/ide/plugins/com.nxp.mcuxpresso.tools.macosx_11.3.0.202011031536/tools/bin/../lib/gcc/arm-none-eabi/9.3.1/../../../../arm-none-eabi/lib/thumb/v7-m/nofp/libcr_c.a(fseek.o)
 .ARM.attributes
                0x0000000000000363       0x2d /Applications/MCUXpressoIDE_11.3.0_5222/ide/plugins/com.nxp.mcuxpresso.tools.macosx_11.3.0.202011031536/tools/bin/../lib/gcc/arm-none-eabi/9.3.1/../../../../arm-none-eabi/lib/thumb/v7-m/nofp/libcr_c.a(ftell.o)
 .ARM.attributes
                0x0000000000000390       0x2d /Applications/MCUXpressoIDE_11.3.0_5222/ide/plugins/com.nxp.mcuxpresso.tools.macosx_11.3.0.202011031536/tools/bin/../lib/gcc/arm-none-eabi/9.3.1/../../../../arm-none-eabi/lib/thumb/v7-m/nofp/libcr_c.a(remove.o)
 .ARM.attributes
                0x00000000000003bd       0x2d /Applications/MCUXpressoIDE_11.3.0_5222/ide/plugins/com.nxp.mcuxpresso.tools.macosx_11.3.0.202011031536/tools/bin/../lib/gcc/arm-none-eabi/9.3.1/../../../../arm-none-eabi/lib/thumb/v7-m/nofp/libcr_c.a(_do_fflush.o)
 .ARM.attributes
                0x00000000000003ea       0x1b /Applications/MCUXpressoIDE_11.3.0_5222/ide/plugins/com.nxp.mcuxpresso.tools.macosx_11.3.0.202011031536/tools/bin/../lib/gcc/arm-none-eabi/9.3.1/thumb/v7-m/nofp/libcr_eabihelpers.a(memcpy.o)
 .ARM.attributes
                0x0000000000000405       0x33 /Applications/MCUXpressoIDE_11.3.0_5222/ide/plugins/com.nxp.mcuxpresso.tools.macosx_11.3.0.202011031536/tools/bin/../lib/gcc/arm-none-eabi/9.3.1/../../../../arm-none-eabi/lib/thumb/v7-m/nofp/libcr_semihost.a(__ciob.o)
 .ARM.attributes
                0x0000000000000438       0x1b /Applications/MCUXpressoIDE_11.3.0_5222/ide/plugins/com.nxp.mcuxpresso.tools.macosx_11.3.0.202011031536/tools/bin/../lib/gcc/arm-none-eabi/9.3.1/../../../../arm-none-eabi/lib/thumb/v7-m/nofp/libcr_semihost.a(__sys_close.o)
 .ARM.attributes
                0x0000000000000453       0x1b /Applications/MCUXpressoIDE_11.3.0_5222/ide/plugins/com.nxp.mcuxpresso.tools.macosx_11.3.0.202011031536/tools/bin/../lib/gcc/arm-none-eabi/9.3.1/../../../../arm-none-eabi/lib/thumb/v7-m/nofp/libcr_semihost.a(__sys_flen.o)
 .ARM.attributes
                0x000000000000046e       0x1b /Applications/MCUXpressoIDE_11.3.0_5222/ide/plugins/com.nxp.mcuxpresso.tools.macosx_11.3.0.202011031536/tools/bin/../lib/gcc/arm-none-eabi/9.3.1/../../../../arm-none-eabi/lib/thumb/v7-m/nofp/libcr_semihost.a(__sys_istty.o)
 .ARM.attributes
                0x0000000000000489       0x1b /Applications/MCUXpressoIDE_11.3.0_5222/ide/plugins/com.nxp.mcuxpresso.tools.macosx_11.3.0.202011031536/tools/bin/../lib/gcc/arm-none-eabi/9.3.1/../../../../arm-none-eabi/lib/thumb/v7-m/nofp/libcr_semihost.a(__sys_remove.o)
 .ARM.attributes
                0x00000000000004a4       0x1b /Applications/MCUXpressoIDE_11.3.0_5222/ide/plugins/com.nxp.mcuxpresso.tools.macosx_11.3.0.202011031536/tools/bin/../lib/gcc/arm-none-eabi/9.3.1/../../../../arm-none-eabi/lib/thumb/v7-m/nofp/libcr_semihost.a(__sys_seek.o)
 .ARM.attributes
                0x00000000000004bf       0x1b /Applications/MCUXpressoIDE_11.3.0_5222/ide/plugins/com.nxp.mcuxpresso.tools.macosx_11.3.0.202011031536/tools/bin/../lib/gcc/arm-none-eabi/9.3.1/../../../../arm-none-eabi/lib/thumb/v7-m/nofp/libcr_semihost.a(__sys_tmpnam.o)
 .ARM.attributes
                0x00000000000004da       0x1b /Applications/MCUXpressoIDE_11.3.0_5222/ide/plugins/com.nxp.mcuxpresso.tools.macosx_11.3.0.202011031536/tools/bin/../lib/gcc/arm-none-eabi/9.3.1/../../../../arm-none-eabi/lib/thumb/v7-m/nofp/libcr_semihost.a(__sys_write.o)

.debug_frame    0x0000000000000000      0x2ac
 .debug_frame   0x0000000000000000      0x100 ./src/LPC1769_HelloWorld.o
 .debug_frame   0x0000000000000100      0x170 ./src/cr_startup_lpc175x_6x.o
 .debug_frame   0x0000000000000270       0x3c /Users/divya/Documents/MCUXpressoIDE_11.3.0/workspace/CMSIS_CORE_LPC17xx/Debug/libCMSIS_CORE_LPC17xx.a(system_LPC17xx.o)

Cross Reference Table

Symbol                                            File
ADC_IRQHandler                                    ./src/cr_startup_lpc175x_6x.o
BOD_IRQHandler                                    ./src/cr_startup_lpc175x_6x.o
BusFault_Handler                                  ./src/cr_startup_lpc175x_6x.o
CANActivity_IRQHandler                            ./src/cr_startup_lpc175x_6x.o
CAN_IRQHandler                                    ./src/cr_startup_lpc175x_6x.o
CRP_WORD                                          ./src/crp.o
DMA_IRQHandler                                    ./src/cr_startup_lpc175x_6x.o
DebugMon_Handler                                  ./src/cr_startup_lpc175x_6x.o
EINT0_IRQHandler                                  ./src/cr_startup_lpc175x_6x.o
EINT1_IRQHandler                                  ./src/cr_startup_lpc175x_6x.o
EINT2_IRQHandler                                  ./src/cr_startup_lpc175x_6x.o
EINT3_IRQHandler                                  ./src/cr_startup_lpc175x_6x.o
ENET_IRQHandler                                   ./src/cr_startup_lpc175x_6x.o
GPIOinitInput                                     ./src/LPC1769_HelloWorld.o
GPIOinitOut                                       ./src/LPC1769_HelloWorld.o
HardFault_Handler                                 ./src/cr_startup_lpc175x_6x.o
I2C0_IRQHandler                                   ./src/cr_startup_lpc175x_6x.o
I2C1_IRQHandler                                   ./src/cr_startup_lpc175x_6x.o
I2C2_IRQHandler                                   ./src/cr_startup_lpc175x_6x.o
I2S_IRQHandler                                    ./src/cr_startup_lpc175x_6x.o
IntDefaultHandler                                 ./src/cr_startup_lpc175x_6x.o
MCPWM_IRQHandler                                  ./src/cr_startup_lpc175x_6x.o
MemManage_Handler                                 ./src/cr_startup_lpc175x_6x.o
NMI_Handler                                       ./src/cr_startup_lpc175x_6x.o
PLL0_IRQHandler                                   ./src/cr_startup_lpc175x_6x.o
PLL1_IRQHandler                                   ./src/cr_startup_lpc175x_6x.o
PWM1_IRQHandler                                   ./src/cr_startup_lpc175x_6x.o
PendSV_Handler                                    ./src/cr_startup_lpc175x_6x.o
QEI_IRQHandler                                    ./src/cr_startup_lpc175x_6x.o
RIT_IRQHandler                                    ./src/cr_startup_lpc175x_6x.o
RTC_IRQHandler                                    ./src/cr_startup_lpc175x_6x.o
ResetISR                                          ./src/cr_startup_lpc175x_6x.o
SPI_IRQHandler                                    ./src/cr_startup_lpc175x_6x.o
SSP0_IRQHandler                                   ./src/cr_startup_lpc175x_6x.o
SSP1_IRQHandler                                   ./src/cr_startup_lpc175x_6x.o
SVC_Handler                                       ./src/cr_startup_lpc175x_6x.o
SysTick_Handler                                   ./src/cr_startup_lpc175x_6x.o
SystemCoreClock                                   /Users/divya/Documents/MCUXpressoIDE_11.3.0/workspace/CMSIS_CORE_LPC17xx/Debug/libCMSIS_CORE_LPC17xx.a(system_LPC17xx.o)
SystemCoreClockUpdate                             /Users/divya/Documents/MCUXpressoIDE_11.3.0/workspace/CMSIS_CORE_LPC17xx/Debug/libCMSIS_CORE_LPC17xx.a(system_LPC17xx.o)
SystemInit                                        /Users/divya/Documents/MCUXpressoIDE_11.3.0/workspace/CMSIS_CORE_LPC17xx/Debug/libCMSIS_CORE_LPC17xx.a(system_LPC17xx.o)
                                                  ./src/cr_startup_lpc175x_6x.o
TIMER0_IRQHandler                                 ./src/cr_startup_lpc175x_6x.o
TIMER1_IRQHandler                                 ./src/cr_startup_lpc175x_6x.o
TIMER2_IRQHandler                                 ./src/cr_startup_lpc175x_6x.o
TIMER3_IRQHandler                                 ./src/cr_startup_lpc175x_6x.o
UART0_IRQHandler                                  ./src/cr_startup_lpc175x_6x.o
UART1_IRQHandler                                  ./src/cr_startup_lpc175x_6x.o
UART2_IRQHandler                                  ./src/cr_startup_lpc175x_6x.o
UART3_IRQHandler                                  ./src/cr_startup_lpc175x_6x.o
USBActivity_IRQHandler                            ./src/cr_startup_lpc175x_6x.o
USB_IRQHandler                                    ./src/cr_startup_lpc175x_6x.o
UsageFault_Handler                                ./src/cr_startup_lpc175x_6x.o
WDT_IRQHandler                                    ./src/cr_startup_lpc175x_6x.o
_Csys_alloc                                       /Applications/MCUXpressoIDE_11.3.0_5222/ide/plugins/com.nxp.mcuxpresso.tools.macosx_11.3.0.202011031536/tools/bin/../lib/gcc/arm-none-eabi/9.3.1/../../../../arm-none-eabi/lib/thumb/v7-m/nofp/libcr_c.a(alloc.o)
                                                  /Applications/MCUXpressoIDE_11.3.0_5222/ide/plugins/com.nxp.mcuxpresso.tools.macosx_11.3.0.202011031536/tools/bin/../lib/gcc/arm-none-eabi/9.3.1/../../../../arm-none-eabi/lib/thumb/v7-m/nofp/libcr_c.a(_deferredlazyseek.o)
_Cwritebuf                                        /Applications/MCUXpressoIDE_11.3.0_5222/ide/plugins/com.nxp.mcuxpresso.tools.macosx_11.3.0.202011031536/tools/bin/../lib/gcc/arm-none-eabi/9.3.1/../../../../arm-none-eabi/lib/thumb/v7-m/nofp/libcr_c.a(_writebuf.o)
                                                  /Applications/MCUXpressoIDE_11.3.0_5222/ide/plugins/com.nxp.mcuxpresso.tools.macosx_11.3.0.202011031536/tools/bin/../lib/gcc/arm-none-eabi/9.3.1/../../../../arm-none-eabi/lib/thumb/v7-m/nofp/libcr_c.a(_fflush.o)
                                                  /Applications/MCUXpressoIDE_11.3.0_5222/ide/plugins/com.nxp.mcuxpresso.tools.macosx_11.3.0.202011031536/tools/bin/../lib/gcc/arm-none-eabi/9.3.1/../../../../arm-none-eabi/lib/thumb/v7-m/nofp/libcr_c.a(_deferredlazyseek.o)
__CR_SEMIHOST                                     /Applications/MCUXpressoIDE_11.3.0_5222/ide/plugins/com.nxp.mcuxpresso.tools.macosx_11.3.0.202011031536/tools/bin/../lib/gcc/arm-none-eabi/9.3.1/../../../../arm-none-eabi/lib/thumb/v7-m/nofp/libcr_semihost.a(_cr__main.o)
__Ciob                                            /Applications/MCUXpressoIDE_11.3.0_5222/ide/plugins/com.nxp.mcuxpresso.tools.macosx_11.3.0.202011031536/tools/bin/../lib/gcc/arm-none-eabi/9.3.1/../../../../arm-none-eabi/lib/thumb/v7-m/nofp/libcr_semihost.a(__ciob.o)
                                                  /Applications/MCUXpressoIDE_11.3.0_5222/ide/plugins/com.nxp.mcuxpresso.tools.macosx_11.3.0.202011031536/tools/bin/../lib/gcc/arm-none-eabi/9.3.1/../../../../arm-none-eabi/lib/thumb/v7-m/nofp/libcr_c.a(fflush.o)
                                                  /Applications/MCUXpressoIDE_11.3.0_5222/ide/plugins/com.nxp.mcuxpresso.tools.macosx_11.3.0.202011031536/tools/bin/../lib/gcc/arm-none-eabi/9.3.1/../../../../arm-none-eabi/lib/thumb/v7-m/nofp/libcr_c.a(puts.o)
                                                  /Applications/MCUXpressoIDE_11.3.0_5222/ide/plugins/com.nxp.mcuxpresso.tools.macosx_11.3.0.202011031536/tools/bin/../lib/gcc/arm-none-eabi/9.3.1/../../../../arm-none-eabi/lib/thumb/v7-m/nofp/libcr_c.a(printf.o)
                                                  /Applications/MCUXpressoIDE_11.3.0_5222/ide/plugins/com.nxp.mcuxpresso.tools.macosx_11.3.0.202011031536/tools/bin/../lib/gcc/arm-none-eabi/9.3.1/../../../../arm-none-eabi/lib/thumb/v7-m/nofp/libcr_c.a(initio.o)
                                                  /Applications/MCUXpressoIDE_11.3.0_5222/ide/plugins/com.nxp.mcuxpresso.tools.macosx_11.3.0.202011031536/tools/bin/../lib/gcc/arm-none-eabi/9.3.1/../../../../arm-none-eabi/lib/thumb/v7-m/nofp/libcr_c.a(fpprintf.o)
__aeabi_cdcmpeq                                   /Applications/MCUXpressoIDE_11.3.0_5222/ide/plugins/com.nxp.mcuxpresso.tools.macosx_11.3.0.202011031536/tools/bin/../lib/gcc/arm-none-eabi/9.3.1/thumb/v7-m/nofp/libcr_eabihelpers.a(double.o)
__aeabi_cdcmple                                   /Applications/MCUXpressoIDE_11.3.0_5222/ide/plugins/com.nxp.mcuxpresso.tools.macosx_11.3.0.202011031536/tools/bin/../lib/gcc/arm-none-eabi/9.3.1/thumb/v7-m/nofp/libcr_eabihelpers.a(double.o)
__aeabi_cdrcmple                                  /Applications/MCUXpressoIDE_11.3.0_5222/ide/plugins/com.nxp.mcuxpresso.tools.macosx_11.3.0.202011031536/tools/bin/../lib/gcc/arm-none-eabi/9.3.1/thumb/v7-m/nofp/libcr_eabihelpers.a(double.o)
__aeabi_d2f                                       /Applications/MCUXpressoIDE_11.3.0_5222/ide/plugins/com.nxp.mcuxpresso.tools.macosx_11.3.0.202011031536/tools/bin/../lib/gcc/arm-none-eabi/9.3.1/thumb/v7-m/nofp/libcr_eabihelpers.a(double.o)
__aeabi_d2iz                                      /Applications/MCUXpressoIDE_11.3.0_5222/ide/plugins/com.nxp.mcuxpresso.tools.macosx_11.3.0.202011031536/tools/bin/../lib/gcc/arm-none-eabi/9.3.1/thumb/v7-m/nofp/libcr_eabihelpers.a(double.o)
                                                  /Applications/MCUXpressoIDE_11.3.0_5222/ide/plugins/com.nxp.mcuxpresso.tools.macosx_11.3.0.202011031536/tools/bin/../lib/gcc/arm-none-eabi/9.3.1/../../../../arm-none-eabi/lib/thumb/v7-m/nofp/libcr_c.a(fpprintf.o)
__aeabi_d2lz                                      /Applications/MCUXpressoIDE_11.3.0_5222/ide/plugins/com.nxp.mcuxpresso.tools.macosx_11.3.0.202011031536/tools/bin/../lib/gcc/arm-none-eabi/9.3.1/thumb/v7-m/nofp/libcr_eabihelpers.a(double.o)
__aeabi_d2uiz                                     /Applications/MCUXpressoIDE_11.3.0_5222/ide/plugins/com.nxp.mcuxpresso.tools.macosx_11.3.0.202011031536/tools/bin/../lib/gcc/arm-none-eabi/9.3.1/thumb/v7-m/nofp/libcr_eabihelpers.a(double.o)
__aeabi_d2ulz                                     /Applications/MCUXpressoIDE_11.3.0_5222/ide/plugins/com.nxp.mcuxpresso.tools.macosx_11.3.0.202011031536/tools/bin/../lib/gcc/arm-none-eabi/9.3.1/thumb/v7-m/nofp/libcr_eabihelpers.a(double.o)
__aeabi_dadd                                      /Applications/MCUXpressoIDE_11.3.0_5222/ide/plugins/com.nxp.mcuxpresso.tools.macosx_11.3.0.202011031536/tools/bin/../lib/gcc/arm-none-eabi/9.3.1/thumb/v7-m/nofp/libcr_eabihelpers.a(double.o)
                                                  /Applications/MCUXpressoIDE_11.3.0_5222/ide/plugins/com.nxp.mcuxpresso.tools.macosx_11.3.0.202011031536/tools/bin/../lib/gcc/arm-none-eabi/9.3.1/../../../../arm-none-eabi/lib/thumb/v7-m/nofp/libcr_c.a(fpprintf.o)
__aeabi_dcmpeq                                    /Applications/MCUXpressoIDE_11.3.0_5222/ide/plugins/com.nxp.mcuxpresso.tools.macosx_11.3.0.202011031536/tools/bin/../lib/gcc/arm-none-eabi/9.3.1/thumb/v7-m/nofp/libcr_eabihelpers.a(double.o)
                                                  /Applications/MCUXpressoIDE_11.3.0_5222/ide/plugins/com.nxp.mcuxpresso.tools.macosx_11.3.0.202011031536/tools/bin/../lib/gcc/arm-none-eabi/9.3.1/../../../../arm-none-eabi/lib/thumb/v7-m/nofp/libcr_c.a(_ldexpl.o)
                                                  /Applications/MCUXpressoIDE_11.3.0_5222/ide/plugins/com.nxp.mcuxpresso.tools.macosx_11.3.0.202011031536/tools/bin/../lib/gcc/arm-none-eabi/9.3.1/../../../../arm-none-eabi/lib/thumb/v7-m/nofp/libcr_c.a(_frexpl.o)
                                                  /Applications/MCUXpressoIDE_11.3.0_5222/ide/plugins/com.nxp.mcuxpresso.tools.macosx_11.3.0.202011031536/tools/bin/../lib/gcc/arm-none-eabi/9.3.1/../../../../arm-none-eabi/lib/thumb/v7-m/nofp/libcr_c.a(fpprintf.o)
__aeabi_dcmpge                                    /Applications/MCUXpressoIDE_11.3.0_5222/ide/plugins/com.nxp.mcuxpresso.tools.macosx_11.3.0.202011031536/tools/bin/../lib/gcc/arm-none-eabi/9.3.1/thumb/v7-m/nofp/libcr_eabihelpers.a(double.o)
                                                  /Applications/MCUXpressoIDE_11.3.0_5222/ide/plugins/com.nxp.mcuxpresso.tools.macosx_11.3.0.202011031536/tools/bin/../lib/gcc/arm-none-eabi/9.3.1/../../../../arm-none-eabi/lib/thumb/v7-m/nofp/libcr_c.a(fpprintf.o)
__aeabi_dcmpgt                                    /Applications/MCUXpressoIDE_11.3.0_5222/ide/plugins/com.nxp.mcuxpresso.tools.macosx_11.3.0.202011031536/tools/bin/../lib/gcc/arm-none-eabi/9.3.1/thumb/v7-m/nofp/libcr_eabihelpers.a(double.o)
__aeabi_dcmple                                    /Applications/MCUXpressoIDE_11.3.0_5222/ide/plugins/com.nxp.mcuxpresso.tools.macosx_11.3.0.202011031536/tools/bin/../lib/gcc/arm-none-eabi/9.3.1/thumb/v7-m/nofp/libcr_eabihelpers.a(double.o)
                                                  /Applications/MCUXpressoIDE_11.3.0_5222/ide/plugins/com.nxp.mcuxpresso.tools.macosx_11.3.0.202011031536/tools/bin/../lib/gcc/arm-none-eabi/9.3.1/../../../../arm-none-eabi/lib/thumb/v7-m/nofp/libcr_c.a(fpprintf.o)
__aeabi_dcmplt                                    /Applications/MCUXpressoIDE_11.3.0_5222/ide/plugins/com.nxp.mcuxpresso.tools.macosx_11.3.0.202011031536/tools/bin/../lib/gcc/arm-none-eabi/9.3.1/thumb/v7-m/nofp/libcr_eabihelpers.a(double.o)
                                                  /Applications/MCUXpressoIDE_11.3.0_5222/ide/plugins/com.nxp.mcuxpresso.tools.macosx_11.3.0.202011031536/tools/bin/../lib/gcc/arm-none-eabi/9.3.1/../../../../arm-none-eabi/lib/thumb/v7-m/nofp/libcr_c.a(fpprintf.o)
__aeabi_dcmpun                                    /Applications/MCUXpressoIDE_11.3.0_5222/ide/plugins/com.nxp.mcuxpresso.tools.macosx_11.3.0.202011031536/tools/bin/../lib/gcc/arm-none-eabi/9.3.1/thumb/v7-m/nofp/libcr_eabihelpers.a(double.o)
__aeabi_ddiv                                      /Applications/MCUXpressoIDE_11.3.0_5222/ide/plugins/com.nxp.mcuxpresso.tools.macosx_11.3.0.202011031536/tools/bin/../lib/gcc/arm-none-eabi/9.3.1/thumb/v7-m/nofp/libcr_eabihelpers.a(double.o)
                                                  /Applications/MCUXpressoIDE_11.3.0_5222/ide/plugins/com.nxp.mcuxpresso.tools.macosx_11.3.0.202011031536/tools/bin/../lib/gcc/arm-none-eabi/9.3.1/../../../../arm-none-eabi/lib/thumb/v7-m/nofp/libcr_c.a(fpprintf.o)
__aeabi_dmul                                      /Applications/MCUXpressoIDE_11.3.0_5222/ide/plugins/com.nxp.mcuxpresso.tools.macosx_11.3.0.202011031536/tools/bin/../lib/gcc/arm-none-eabi/9.3.1/thumb/v7-m/nofp/libcr_eabihelpers.a(double.o)
                                                  /Applications/MCUXpressoIDE_11.3.0_5222/ide/plugins/com.nxp.mcuxpresso.tools.macosx_11.3.0.202011031536/tools/bin/../lib/gcc/arm-none-eabi/9.3.1/../../../../arm-none-eabi/lib/thumb/v7-m/nofp/libcr_c.a(fpprintf.o)
__aeabi_dneg                                      /Applications/MCUXpressoIDE_11.3.0_5222/ide/plugins/com.nxp.mcuxpresso.tools.macosx_11.3.0.202011031536/tools/bin/../lib/gcc/arm-none-eabi/9.3.1/thumb/v7-m/nofp/libcr_eabihelpers.a(double.o)
__aeabi_drsub                                     /Applications/MCUXpressoIDE_11.3.0_5222/ide/plugins/com.nxp.mcuxpresso.tools.macosx_11.3.0.202011031536/tools/bin/../lib/gcc/arm-none-eabi/9.3.1/thumb/v7-m/nofp/libcr_eabihelpers.a(double.o)
__aeabi_dsub                                      /Applications/MCUXpressoIDE_11.3.0_5222/ide/plugins/com.nxp.mcuxpresso.tools.macosx_11.3.0.202011031536/tools/bin/../lib/gcc/arm-none-eabi/9.3.1/thumb/v7-m/nofp/libcr_eabihelpers.a(double.o)
                                                  /Applications/MCUXpressoIDE_11.3.0_5222/ide/plugins/com.nxp.mcuxpresso.tools.macosx_11.3.0.202011031536/tools/bin/../lib/gcc/arm-none-eabi/9.3.1/../../../../arm-none-eabi/lib/thumb/v7-m/nofp/libcr_c.a(fpprintf.o)
__aeabi_i2d                                       /Applications/MCUXpressoIDE_11.3.0_5222/ide/plugins/com.nxp.mcuxpresso.tools.macosx_11.3.0.202011031536/tools/bin/../lib/gcc/arm-none-eabi/9.3.1/thumb/v7-m/nofp/libcr_eabihelpers.a(double.o)
                                                  /Applications/MCUXpressoIDE_11.3.0_5222/ide/plugins/com.nxp.mcuxpresso.tools.macosx_11.3.0.202011031536/tools/bin/../lib/gcc/arm-none-eabi/9.3.1/../../../../arm-none-eabi/lib/thumb/v7-m/nofp/libcr_c.a(fpprintf.o)
__aeabi_idiv0                                     /Applications/MCUXpressoIDE_11.3.0_5222/ide/plugins/com.nxp.mcuxpresso.tools.macosx_11.3.0.202011031536/tools/bin/../lib/gcc/arm-none-eabi/9.3.1/thumb/v7-m/nofp/libcr_eabihelpers.a(division_idiv0.o)
                                                  /Applications/MCUXpressoIDE_11.3.0_5222/ide/plugins/com.nxp.mcuxpresso.tools.macosx_11.3.0.202011031536/tools/bin/../lib/gcc/arm-none-eabi/9.3.1/thumb/v7-m/nofp/libcr_eabihelpers.a(division_64.o)
__aeabi_l2d                                       /Applications/MCUXpressoIDE_11.3.0_5222/ide/plugins/com.nxp.mcuxpresso.tools.macosx_11.3.0.202011031536/tools/bin/../lib/gcc/arm-none-eabi/9.3.1/thumb/v7-m/nofp/libcr_eabihelpers.a(double.o)
__aeabi_ldivmod                                   /Applications/MCUXpressoIDE_11.3.0_5222/ide/plugins/com.nxp.mcuxpresso.tools.macosx_11.3.0.202011031536/tools/bin/../lib/gcc/arm-none-eabi/9.3.1/thumb/v7-m/nofp/libcr_eabihelpers.a(division_64.o)
                                                  /Users/divya/Documents/MCUXpressoIDE_11.3.0/workspace/CMSIS_CORE_LPC17xx/Debug/libCMSIS_CORE_LPC17xx.a(system_LPC17xx.o)
__aeabi_lowlevel_memset                           /Applications/MCUXpressoIDE_11.3.0_5222/ide/plugins/com.nxp.mcuxpresso.tools.macosx_11.3.0.202011031536/tools/bin/../lib/gcc/arm-none-eabi/9.3.1/thumb/v7-m/nofp/libcr_eabihelpers.a(memcpy.o)
                                                  /Applications/MCUXpressoIDE_11.3.0_5222/ide/plugins/com.nxp.mcuxpresso.tools.macosx_11.3.0.202011031536/tools/bin/../lib/gcc/arm-none-eabi/9.3.1/../../../../arm-none-eabi/lib/thumb/v7-m/nofp/libcr_c.a(memset.o)
__aeabi_memclr                                    /Applications/MCUXpressoIDE_11.3.0_5222/ide/plugins/com.nxp.mcuxpresso.tools.macosx_11.3.0.202011031536/tools/bin/../lib/gcc/arm-none-eabi/9.3.1/thumb/v7-m/nofp/libcr_eabihelpers.a(memcpy.o)
__aeabi_memclr4                                   /Applications/MCUXpressoIDE_11.3.0_5222/ide/plugins/com.nxp.mcuxpresso.tools.macosx_11.3.0.202011031536/tools/bin/../lib/gcc/arm-none-eabi/9.3.1/thumb/v7-m/nofp/libcr_eabihelpers.a(memcpy.o)
__aeabi_memclr8                                   /Applications/MCUXpressoIDE_11.3.0_5222/ide/plugins/com.nxp.mcuxpresso.tools.macosx_11.3.0.202011031536/tools/bin/../lib/gcc/arm-none-eabi/9.3.1/thumb/v7-m/nofp/libcr_eabihelpers.a(memcpy.o)
__aeabi_memcpy                                    /Applications/MCUXpressoIDE_11.3.0_5222/ide/plugins/com.nxp.mcuxpresso.tools.macosx_11.3.0.202011031536/tools/bin/../lib/gcc/arm-none-eabi/9.3.1/thumb/v7-m/nofp/libcr_eabihelpers.a(memcpy.o)
                                                  /Applications/MCUXpressoIDE_11.3.0_5222/ide/plugins/com.nxp.mcuxpresso.tools.macosx_11.3.0.202011031536/tools/bin/../lib/gcc/arm-none-eabi/9.3.1/../../../../arm-none-eabi/lib/thumb/v7-m/nofp/libcr_c.a(memcpy.o)
__aeabi_memcpy4                                   /Applications/MCUXpressoIDE_11.3.0_5222/ide/plugins/com.nxp.mcuxpresso.tools.macosx_11.3.0.202011031536/tools/bin/../lib/gcc/arm-none-eabi/9.3.1/thumb/v7-m/nofp/libcr_eabihelpers.a(memcpy.o)
__aeabi_memcpy8                                   /Applications/MCUXpressoIDE_11.3.0_5222/ide/plugins/com.nxp.mcuxpresso.tools.macosx_11.3.0.202011031536/tools/bin/../lib/gcc/arm-none-eabi/9.3.1/thumb/v7-m/nofp/libcr_eabihelpers.a(memcpy.o)
__aeabi_memmove                                   /Applications/MCUXpressoIDE_11.3.0_5222/ide/plugins/com.nxp.mcuxpresso.tools.macosx_11.3.0.202011031536/tools/bin/../lib/gcc/arm-none-eabi/9.3.1/thumb/v7-m/nofp/libcr_eabihelpers.a(memcpy.o)
__aeabi_memmove4                                  /Applications/MCUXpressoIDE_11.3.0_5222/ide/plugins/com.nxp.mcuxpresso.tools.macosx_11.3.0.202011031536/tools/bin/../lib/gcc/arm-none-eabi/9.3.1/thumb/v7-m/nofp/libcr_eabihelpers.a(memcpy.o)
__aeabi_memmove8                                  /Applications/MCUXpressoIDE_11.3.0_5222/ide/plugins/com.nxp.mcuxpresso.tools.macosx_11.3.0.202011031536/tools/bin/../lib/gcc/arm-none-eabi/9.3.1/thumb/v7-m/nofp/libcr_eabihelpers.a(memcpy.o)
__aeabi_memset                                    /Applications/MCUXpressoIDE_11.3.0_5222/ide/plugins/com.nxp.mcuxpresso.tools.macosx_11.3.0.202011031536/tools/bin/../lib/gcc/arm-none-eabi/9.3.1/thumb/v7-m/nofp/libcr_eabihelpers.a(memcpy.o)
__aeabi_memset4                                   /Applications/MCUXpressoIDE_11.3.0_5222/ide/plugins/com.nxp.mcuxpresso.tools.macosx_11.3.0.202011031536/tools/bin/../lib/gcc/arm-none-eabi/9.3.1/thumb/v7-m/nofp/libcr_eabihelpers.a(memcpy.o)
__aeabi_memset8                                   /Applications/MCUXpressoIDE_11.3.0_5222/ide/plugins/com.nxp.mcuxpresso.tools.macosx_11.3.0.202011031536/tools/bin/../lib/gcc/arm-none-eabi/9.3.1/thumb/v7-m/nofp/libcr_eabihelpers.a(memcpy.o)
__aeabi_ui2d                                      /Applications/MCUXpressoIDE_11.3.0_5222/ide/plugins/com.nxp.mcuxpresso.tools.macosx_11.3.0.202011031536/tools/bin/../lib/gcc/arm-none-eabi/9.3.1/thumb/v7-m/nofp/libcr_eabihelpers.a(double.o)
__aeabi_ul2d                                      /Applications/MCUXpressoIDE_11.3.0_5222/ide/plugins/com.nxp.mcuxpresso.tools.macosx_11.3.0.202011031536/tools/bin/../lib/gcc/arm-none-eabi/9.3.1/thumb/v7-m/nofp/libcr_eabihelpers.a(double.o)
__aeabi_uldivmod                                  /Applications/MCUXpressoIDE_11.3.0_5222/ide/plugins/com.nxp.mcuxpresso.tools.macosx_11.3.0.202011031536/tools/bin/../lib/gcc/arm-none-eabi/9.3.1/thumb/v7-m/nofp/libcr_eabihelpers.a(division_64.o)
                                                  /Users/divya/Documents/MCUXpressoIDE_11.3.0/workspace/CMSIS_CORE_LPC17xx/Debug/libCMSIS_CORE_LPC17xx.a(system_LPC17xx.o)
__bhs_ldivmod1                                    /Applications/MCUXpressoIDE_11.3.0_5222/ide/plugins/com.nxp.mcuxpresso.tools.macosx_11.3.0.202011031536/tools/bin/../lib/gcc/arm-none-eabi/9.3.1/thumb/v7-m/nofp/libcr_eabihelpers.a(division_64.o)
__bhs_ui2d                                        /Applications/MCUXpressoIDE_11.3.0_5222/ide/plugins/com.nxp.mcuxpresso.tools.macosx_11.3.0.202011031536/tools/bin/../lib/gcc/arm-none-eabi/9.3.1/thumb/v7-m/nofp/libcr_eabihelpers.a(double.o)
__bhs_ul2d                                        /Applications/MCUXpressoIDE_11.3.0_5222/ide/plugins/com.nxp.mcuxpresso.tools.macosx_11.3.0.202011031536/tools/bin/../lib/gcc/arm-none-eabi/9.3.1/thumb/v7-m/nofp/libcr_eabihelpers.a(double.o)
__bss_section_table_end                           ./src/cr_startup_lpc175x_6x.o
__check_heap_overflow                             /Applications/MCUXpressoIDE_11.3.0_5222/ide/plugins/com.nxp.mcuxpresso.tools.macosx_11.3.0.202011031536/tools/bin/../lib/gcc/arm-none-eabi/9.3.1/../../../../arm-none-eabi/lib/thumb/v7-m/nofp/libcr_c.a(_cr_check_heap.o)
                                                  /Applications/MCUXpressoIDE_11.3.0_5222/ide/plugins/com.nxp.mcuxpresso.tools.macosx_11.3.0.202011031536/tools/bin/../lib/gcc/arm-none-eabi/9.3.1/../../../../arm-none-eabi/lib/thumb/v7-m/nofp/libcr_c.a(_cr_sbrk.o)
__data_section_table                              ./src/cr_startup_lpc175x_6x.o
__data_section_table_end                          ./src/cr_startup_lpc175x_6x.o
__end_of_heap                                     /Applications/MCUXpressoIDE_11.3.0_5222/ide/plugins/com.nxp.mcuxpresso.tools.macosx_11.3.0.202011031536/tools/bin/../lib/gcc/arm-none-eabi/9.3.1/../../../../arm-none-eabi/lib/thumb/v7-m/nofp/libcr_c.a(__init_alloc.o)
                                                  /Applications/MCUXpressoIDE_11.3.0_5222/ide/plugins/com.nxp.mcuxpresso.tools.macosx_11.3.0.202011031536/tools/bin/../lib/gcc/arm-none-eabi/9.3.1/../../../../arm-none-eabi/lib/thumb/v7-m/nofp/libcr_c.a(_cr_sbrk.o)
__exit                                            /Applications/MCUXpressoIDE_11.3.0_5222/ide/plugins/com.nxp.mcuxpresso.tools.macosx_11.3.0.202011031536/tools/bin/../lib/gcc/arm-none-eabi/9.3.1/../../../../arm-none-eabi/lib/thumb/v7-m/nofp/libcr_semihost.a(__sys_appexit.o)
__flsbuf                                          /Applications/MCUXpressoIDE_11.3.0_5222/ide/plugins/com.nxp.mcuxpresso.tools.macosx_11.3.0.202011031536/tools/bin/../lib/gcc/arm-none-eabi/9.3.1/../../../../arm-none-eabi/lib/thumb/v7-m/nofp/libcr_c.a(_deferredlazyseek.o)
                                                  /Applications/MCUXpressoIDE_11.3.0_5222/ide/plugins/com.nxp.mcuxpresso.tools.macosx_11.3.0.202011031536/tools/bin/../lib/gcc/arm-none-eabi/9.3.1/../../../../arm-none-eabi/lib/thumb/v7-m/nofp/libcr_c.a(puts.o)
                                                  /Applications/MCUXpressoIDE_11.3.0_5222/ide/plugins/com.nxp.mcuxpresso.tools.macosx_11.3.0.202011031536/tools/bin/../lib/gcc/arm-none-eabi/9.3.1/../../../../arm-none-eabi/lib/thumb/v7-m/nofp/libcr_c.a(printf.o)
                                                  /Applications/MCUXpressoIDE_11.3.0_5222/ide/plugins/com.nxp.mcuxpresso.tools.macosx_11.3.0.202011031536/tools/bin/../lib/gcc/arm-none-eabi/9.3.1/../../../../arm-none-eabi/lib/thumb/v7-m/nofp/libcr_c.a(fpprintf.o)
__heaps                                           /Applications/MCUXpressoIDE_11.3.0_5222/ide/plugins/com.nxp.mcuxpresso.tools.macosx_11.3.0.202011031536/tools/bin/../lib/gcc/arm-none-eabi/9.3.1/../../../../arm-none-eabi/lib/thumb/v7-m/nofp/libcr_c.a(__init_alloc.o)
                                                  /Applications/MCUXpressoIDE_11.3.0_5222/ide/plugins/com.nxp.mcuxpresso.tools.macosx_11.3.0.202011031536/tools/bin/../lib/gcc/arm-none-eabi/9.3.1/../../../../arm-none-eabi/lib/thumb/v7-m/nofp/libcr_c.a(alloc.o)
__main                                            /Applications/MCUXpressoIDE_11.3.0_5222/ide/plugins/com.nxp.mcuxpresso.tools.macosx_11.3.0.202011031536/tools/bin/../lib/gcc/arm-none-eabi/9.3.1/../../../../arm-none-eabi/lib/thumb/v7-m/nofp/libcr_semihost.a(_cr__main.o)
                                                  ./src/cr_startup_lpc175x_6x.o
__num_Ciob_streams                                /Applications/MCUXpressoIDE_11.3.0_5222/ide/plugins/com.nxp.mcuxpresso.tools.macosx_11.3.0.202011031536/tools/bin/../lib/gcc/arm-none-eabi/9.3.1/../../../../arm-none-eabi/lib/thumb/v7-m/nofp/libcr_semihost.a(__ciob.o)
                                                  /Applications/MCUXpressoIDE_11.3.0_5222/ide/plugins/com.nxp.mcuxpresso.tools.macosx_11.3.0.202011031536/tools/bin/../lib/gcc/arm-none-eabi/9.3.1/../../../../arm-none-eabi/lib/thumb/v7-m/nofp/libcr_c.a(fflush.o)
                                                  /Applications/MCUXpressoIDE_11.3.0_5222/ide/plugins/com.nxp.mcuxpresso.tools.macosx_11.3.0.202011031536/tools/bin/../lib/gcc/arm-none-eabi/9.3.1/../../../../arm-none-eabi/lib/thumb/v7-m/nofp/libcr_c.a(initio.o)
__sys_appexit                                     /Applications/MCUXpressoIDE_11.3.0_5222/ide/plugins/com.nxp.mcuxpresso.tools.macosx_11.3.0.202011031536/tools/bin/../lib/gcc/arm-none-eabi/9.3.1/../../../../arm-none-eabi/lib/thumb/v7-m/nofp/libcr_semihost.a(__sys_appexit.o)
                                                  /Applications/MCUXpressoIDE_11.3.0_5222/ide/plugins/com.nxp.mcuxpresso.tools.macosx_11.3.0.202011031536/tools/bin/../lib/gcc/arm-none-eabi/9.3.1/../../../../arm-none-eabi/lib/thumb/v7-m/nofp/libcr_c.a(alloc.o)
__sys_close                                       /Applications/MCUXpressoIDE_11.3.0_5222/ide/plugins/com.nxp.mcuxpresso.tools.macosx_11.3.0.202011031536/tools/bin/../lib/gcc/arm-none-eabi/9.3.1/../../../../arm-none-eabi/lib/thumb/v7-m/nofp/libcr_semihost.a(__sys_close.o)
                                                  /Applications/MCUXpressoIDE_11.3.0_5222/ide/plugins/com.nxp.mcuxpresso.tools.macosx_11.3.0.202011031536/tools/bin/../lib/gcc/arm-none-eabi/9.3.1/../../../../arm-none-eabi/lib/thumb/v7-m/nofp/libcr_c.a(fclose.o)
__sys_flen                                        /Applications/MCUXpressoIDE_11.3.0_5222/ide/plugins/com.nxp.mcuxpresso.tools.macosx_11.3.0.202011031536/tools/bin/../lib/gcc/arm-none-eabi/9.3.1/../../../../arm-none-eabi/lib/thumb/v7-m/nofp/libcr_semihost.a(__sys_flen.o)
                                                  /Applications/MCUXpressoIDE_11.3.0_5222/ide/plugins/com.nxp.mcuxpresso.tools.macosx_11.3.0.202011031536/tools/bin/../lib/gcc/arm-none-eabi/9.3.1/../../../../arm-none-eabi/lib/thumb/v7-m/nofp/libcr_c.a(fseek.o)
                                                  /Applications/MCUXpressoIDE_11.3.0_5222/ide/plugins/com.nxp.mcuxpresso.tools.macosx_11.3.0.202011031536/tools/bin/../lib/gcc/arm-none-eabi/9.3.1/../../../../arm-none-eabi/lib/thumb/v7-m/nofp/libcr_c.a(_writebuf.o)
__sys_istty                                       /Applications/MCUXpressoIDE_11.3.0_5222/ide/plugins/com.nxp.mcuxpresso.tools.macosx_11.3.0.202011031536/tools/bin/../lib/gcc/arm-none-eabi/9.3.1/../../../../arm-none-eabi/lib/thumb/v7-m/nofp/libcr_semihost.a(__sys_istty.o)
                                                  /Applications/MCUXpressoIDE_11.3.0_5222/ide/plugins/com.nxp.mcuxpresso.tools.macosx_11.3.0.202011031536/tools/bin/../lib/gcc/arm-none-eabi/9.3.1/../../../../arm-none-eabi/lib/thumb/v7-m/nofp/libcr_c.a(fseek.o)
                                                  /Applications/MCUXpressoIDE_11.3.0_5222/ide/plugins/com.nxp.mcuxpresso.tools.macosx_11.3.0.202011031536/tools/bin/../lib/gcc/arm-none-eabi/9.3.1/../../../../arm-none-eabi/lib/thumb/v7-m/nofp/libcr_c.a(_deferredlazyseek.o)
__sys_remove                                      /Applications/MCUXpressoIDE_11.3.0_5222/ide/plugins/com.nxp.mcuxpresso.tools.macosx_11.3.0.202011031536/tools/bin/../lib/gcc/arm-none-eabi/9.3.1/../../../../arm-none-eabi/lib/thumb/v7-m/nofp/libcr_semihost.a(__sys_remove.o)
                                                  /Applications/MCUXpressoIDE_11.3.0_5222/ide/plugins/com.nxp.mcuxpresso.tools.macosx_11.3.0.202011031536/tools/bin/../lib/gcc/arm-none-eabi/9.3.1/../../../../arm-none-eabi/lib/thumb/v7-m/nofp/libcr_c.a(remove.o)
__sys_rename                                      /Applications/MCUXpressoIDE_11.3.0_5222/ide/plugins/com.nxp.mcuxpresso.tools.macosx_11.3.0.202011031536/tools/bin/../lib/gcc/arm-none-eabi/9.3.1/../../../../arm-none-eabi/lib/thumb/v7-m/nofp/libcr_semihost.a(__sys_rename.o)
                                                  /Applications/MCUXpressoIDE_11.3.0_5222/ide/plugins/com.nxp.mcuxpresso.tools.macosx_11.3.0.202011031536/tools/bin/../lib/gcc/arm-none-eabi/9.3.1/../../../../arm-none-eabi/lib/thumb/v7-m/nofp/libcr_c.a(remove.o)
__sys_seek                                        /Applications/MCUXpressoIDE_11.3.0_5222/ide/plugins/com.nxp.mcuxpresso.tools.macosx_11.3.0.202011031536/tools/bin/../lib/gcc/arm-none-eabi/9.3.1/../../../../arm-none-eabi/lib/thumb/v7-m/nofp/libcr_semihost.a(__sys_seek.o)
                                                  /Applications/MCUXpressoIDE_11.3.0_5222/ide/plugins/com.nxp.mcuxpresso.tools.macosx_11.3.0.202011031536/tools/bin/../lib/gcc/arm-none-eabi/9.3.1/../../../../arm-none-eabi/lib/thumb/v7-m/nofp/libcr_c.a(_writebuf.o)
__sys_tmpnam                                      /Applications/MCUXpressoIDE_11.3.0_5222/ide/plugins/com.nxp.mcuxpresso.tools.macosx_11.3.0.202011031536/tools/bin/../lib/gcc/arm-none-eabi/9.3.1/../../../../arm-none-eabi/lib/thumb/v7-m/nofp/libcr_semihost.a(__sys_tmpnam.o)
                                                  /Applications/MCUXpressoIDE_11.3.0_5222/ide/plugins/com.nxp.mcuxpresso.tools.macosx_11.3.0.202011031536/tools/bin/../lib/gcc/arm-none-eabi/9.3.1/../../../../arm-none-eabi/lib/thumb/v7-m/nofp/libcr_c.a(fclose.o)
__sys_write                                       /Applications/MCUXpressoIDE_11.3.0_5222/ide/plugins/com.nxp.mcuxpresso.tools.macosx_11.3.0.202011031536/tools/bin/../lib/gcc/arm-none-eabi/9.3.1/../../../../arm-none-eabi/lib/thumb/v7-m/nofp/libcr_semihost.a(__sys_write.o)
                                                  /Applications/MCUXpressoIDE_11.3.0_5222/ide/plugins/com.nxp.mcuxpresso.tools.macosx_11.3.0.202011031536/tools/bin/../lib/gcc/arm-none-eabi/9.3.1/../../../../arm-none-eabi/lib/thumb/v7-m/nofp/libcr_c.a(alloc.o)
                                                  /Applications/MCUXpressoIDE_11.3.0_5222/ide/plugins/com.nxp.mcuxpresso.tools.macosx_11.3.0.202011031536/tools/bin/../lib/gcc/arm-none-eabi/9.3.1/../../../../arm-none-eabi/lib/thumb/v7-m/nofp/libcr_c.a(_writebuf.o)
                                                  /Applications/MCUXpressoIDE_11.3.0_5222/ide/plugins/com.nxp.mcuxpresso.tools.macosx_11.3.0.202011031536/tools/bin/../lib/gcc/arm-none-eabi/9.3.1/../../../../arm-none-eabi/lib/thumb/v7-m/nofp/libcr_c.a(puts.o)
                                                  /Applications/MCUXpressoIDE_11.3.0_5222/ide/plugins/com.nxp.mcuxpresso.tools.macosx_11.3.0.202011031536/tools/bin/../lib/gcc/arm-none-eabi/9.3.1/../../../../arm-none-eabi/lib/thumb/v7-m/nofp/libcr_c.a(printf.o)
                                                  /Applications/MCUXpressoIDE_11.3.0_5222/ide/plugins/com.nxp.mcuxpresso.tools.macosx_11.3.0.202011031536/tools/bin/../lib/gcc/arm-none-eabi/9.3.1/../../../../arm-none-eabi/lib/thumb/v7-m/nofp/libcr_c.a(fpprintf.o)
__valid_user_code_checksum                        ./src/cr_startup_lpc175x_6x.o
__vfprintf                                        /Applications/MCUXpressoIDE_11.3.0_5222/ide/plugins/com.nxp.mcuxpresso.tools.macosx_11.3.0.202011031536/tools/bin/../lib/gcc/arm-none-eabi/9.3.1/../../../../arm-none-eabi/lib/thumb/v7-m/nofp/libcr_c.a(printf.o)
                                                  /Applications/MCUXpressoIDE_11.3.0_5222/ide/plugins/com.nxp.mcuxpresso.tools.macosx_11.3.0.202011031536/tools/bin/../lib/gcc/arm-none-eabi/9.3.1/../../../../arm-none-eabi/lib/thumb/v7-m/nofp/libcr_c.a(fpprintf.o)
_deferredlazyseek                                 /Applications/MCUXpressoIDE_11.3.0_5222/ide/plugins/com.nxp.mcuxpresso.tools.macosx_11.3.0.202011031536/tools/bin/../lib/gcc/arm-none-eabi/9.3.1/../../../../arm-none-eabi/lib/thumb/v7-m/nofp/libcr_c.a(_deferredlazyseek.o)
                                                  /Applications/MCUXpressoIDE_11.3.0_5222/ide/plugins/com.nxp.mcuxpresso.tools.macosx_11.3.0.202011031536/tools/bin/../lib/gcc/arm-none-eabi/9.3.1/../../../../arm-none-eabi/lib/thumb/v7-m/nofp/libcr_c.a(_do_fflush.o)
_do_fflush                                        /Applications/MCUXpressoIDE_11.3.0_5222/ide/plugins/com.nxp.mcuxpresso.tools.macosx_11.3.0.202011031536/tools/bin/../lib/gcc/arm-none-eabi/9.3.1/../../../../arm-none-eabi/lib/thumb/v7-m/nofp/libcr_c.a(_do_fflush.o)
                                                  /Applications/MCUXpressoIDE_11.3.0_5222/ide/plugins/com.nxp.mcuxpresso.tools.macosx_11.3.0.202011031536/tools/bin/../lib/gcc/arm-none-eabi/9.3.1/../../../../arm-none-eabi/lib/thumb/v7-m/nofp/libcr_c.a(fflush.o)
_fdopen                                           /Applications/MCUXpressoIDE_11.3.0_5222/ide/plugins/com.nxp.mcuxpresso.tools.macosx_11.3.0.202011031536/tools/bin/../lib/gcc/arm-none-eabi/9.3.1/../../../../arm-none-eabi/lib/thumb/v7-m/nofp/libcr_c.a(_fdopen.o)
                                                  /Applications/MCUXpressoIDE_11.3.0_5222/ide/plugins/com.nxp.mcuxpresso.tools.macosx_11.3.0.202011031536/tools/bin/../lib/gcc/arm-none-eabi/9.3.1/../../../../arm-none-eabi/lib/thumb/v7-m/nofp/libcr_c.a(initio.o)
_fflush                                           /Applications/MCUXpressoIDE_11.3.0_5222/ide/plugins/com.nxp.mcuxpresso.tools.macosx_11.3.0.202011031536/tools/bin/../lib/gcc/arm-none-eabi/9.3.1/../../../../arm-none-eabi/lib/thumb/v7-m/nofp/libcr_c.a(_fflush.o)
                                                  /Applications/MCUXpressoIDE_11.3.0_5222/ide/plugins/com.nxp.mcuxpresso.tools.macosx_11.3.0.202011031536/tools/bin/../lib/gcc/arm-none-eabi/9.3.1/../../../../arm-none-eabi/lib/thumb/v7-m/nofp/libcr_c.a(_do_fflush.o)
                                                  /Applications/MCUXpressoIDE_11.3.0_5222/ide/plugins/com.nxp.mcuxpresso.tools.macosx_11.3.0.202011031536/tools/bin/../lib/gcc/arm-none-eabi/9.3.1/../../../../arm-none-eabi/lib/thumb/v7-m/nofp/libcr_c.a(_deferredlazyseek.o)
_fprintf                                          /Applications/MCUXpressoIDE_11.3.0_5222/ide/plugins/com.nxp.mcuxpresso.tools.macosx_11.3.0.202011031536/tools/bin/../lib/gcc/arm-none-eabi/9.3.1/../../../../arm-none-eabi/lib/thumb/v7-m/nofp/libcr_c.a(printf.o)
_frexpl                                           /Applications/MCUXpressoIDE_11.3.0_5222/ide/plugins/com.nxp.mcuxpresso.tools.macosx_11.3.0.202011031536/tools/bin/../lib/gcc/arm-none-eabi/9.3.1/../../../../arm-none-eabi/lib/thumb/v7-m/nofp/libcr_c.a(_frexpl.o)
                                                  /Applications/MCUXpressoIDE_11.3.0_5222/ide/plugins/com.nxp.mcuxpresso.tools.macosx_11.3.0.202011031536/tools/bin/../lib/gcc/arm-none-eabi/9.3.1/../../../../arm-none-eabi/lib/thumb/v7-m/nofp/libcr_c.a(fpprintf.o)
_init_alloc                                       /Applications/MCUXpressoIDE_11.3.0_5222/ide/plugins/com.nxp.mcuxpresso.tools.macosx_11.3.0.202011031536/tools/bin/../lib/gcc/arm-none-eabi/9.3.1/../../../../arm-none-eabi/lib/thumb/v7-m/nofp/libcr_c.a(__init_alloc.o)
_initio                                           /Applications/MCUXpressoIDE_11.3.0_5222/ide/plugins/com.nxp.mcuxpresso.tools.macosx_11.3.0.202011031536/tools/bin/../lib/gcc/arm-none-eabi/9.3.1/../../../../arm-none-eabi/lib/thumb/v7-m/nofp/libcr_c.a(initio.o)
                                                  /Applications/MCUXpressoIDE_11.3.0_5222/ide/plugins/com.nxp.mcuxpresso.tools.macosx_11.3.0.202011031536/tools/bin/../lib/gcc/arm-none-eabi/9.3.1/../../../../arm-none-eabi/lib/thumb/v7-m/nofp/libcr_semihost.a(_cr__main.o)
_ldexpl                                           /Applications/MCUXpressoIDE_11.3.0_5222/ide/plugins/com.nxp.mcuxpresso.tools.macosx_11.3.0.202011031536/tools/bin/../lib/gcc/arm-none-eabi/9.3.1/../../../../arm-none-eabi/lib/thumb/v7-m/nofp/libcr_c.a(_ldexpl.o)
                                                  /Applications/MCUXpressoIDE_11.3.0_5222/ide/plugins/com.nxp.mcuxpresso.tools.macosx_11.3.0.202011031536/tools/bin/../lib/gcc/arm-none-eabi/9.3.1/../../../../arm-none-eabi/lib/thumb/v7-m/nofp/libcr_c.a(fpprintf.o)
_printf                                           /Applications/MCUXpressoIDE_11.3.0_5222/ide/plugins/com.nxp.mcuxpresso.tools.macosx_11.3.0.202011031536/tools/bin/../lib/gcc/arm-none-eabi/9.3.1/../../../../arm-none-eabi/lib/thumb/v7-m/nofp/libcr_c.a(printf.o)
_printf_char                                      /Applications/MCUXpressoIDE_11.3.0_5222/ide/plugins/com.nxp.mcuxpresso.tools.macosx_11.3.0.202011031536/tools/bin/../lib/gcc/arm-none-eabi/9.3.1/../../../../arm-none-eabi/lib/thumb/v7-m/nofp/libcr_c.a(printf.o)
_pvHeapLimit                                      /Applications/MCUXpressoIDE_11.3.0_5222/ide/plugins/com.nxp.mcuxpresso.tools.macosx_11.3.0.202011031536/tools/bin/../lib/gcc/arm-none-eabi/9.3.1/../../../../arm-none-eabi/lib/thumb/v7-m/nofp/libcr_c.a(_cr_check_heap.o)
_pvHeapStart                                      /Applications/MCUXpressoIDE_11.3.0_5222/ide/plugins/com.nxp.mcuxpresso.tools.macosx_11.3.0.202011031536/tools/bin/../lib/gcc/arm-none-eabi/9.3.1/../../../../arm-none-eabi/lib/thumb/v7-m/nofp/libcr_c.a(_cr_sbrk.o)
_sbrk                                             /Applications/MCUXpressoIDE_11.3.0_5222/ide/plugins/com.nxp.mcuxpresso.tools.macosx_11.3.0.202011031536/tools/bin/../lib/gcc/arm-none-eabi/9.3.1/../../../../arm-none-eabi/lib/thumb/v7-m/nofp/libcr_c.a(_cr_sbrk.o)
                                                  /Applications/MCUXpressoIDE_11.3.0_5222/ide/plugins/com.nxp.mcuxpresso.tools.macosx_11.3.0.202011031536/tools/bin/../lib/gcc/arm-none-eabi/9.3.1/../../../../arm-none-eabi/lib/thumb/v7-m/nofp/libcr_c.a(alloc.o)
_snprintf                                         /Applications/MCUXpressoIDE_11.3.0_5222/ide/plugins/com.nxp.mcuxpresso.tools.macosx_11.3.0.202011031536/tools/bin/../lib/gcc/arm-none-eabi/9.3.1/../../../../arm-none-eabi/lib/thumb/v7-m/nofp/libcr_c.a(printf.o)
_sprintf                                          /Applications/MCUXpressoIDE_11.3.0_5222/ide/plugins/com.nxp.mcuxpresso.tools.macosx_11.3.0.202011031536/tools/bin/../lib/gcc/arm-none-eabi/9.3.1/../../../../arm-none-eabi/lib/thumb/v7-m/nofp/libcr_c.a(printf.o)
_terminateio                                      /Applications/MCUXpressoIDE_11.3.0_5222/ide/plugins/com.nxp.mcuxpresso.tools.macosx_11.3.0.202011031536/tools/bin/../lib/gcc/arm-none-eabi/9.3.1/../../../../arm-none-eabi/lib/thumb/v7-m/nofp/libcr_c.a(initio.o)
_vStackTop                                        ./src/cr_startup_lpc175x_6x.o
_vfprintf                                         /Applications/MCUXpressoIDE_11.3.0_5222/ide/plugins/com.nxp.mcuxpresso.tools.macosx_11.3.0.202011031536/tools/bin/../lib/gcc/arm-none-eabi/9.3.1/../../../../arm-none-eabi/lib/thumb/v7-m/nofp/libcr_c.a(printf.o)
_vprintf                                          /Applications/MCUXpressoIDE_11.3.0_5222/ide/plugins/com.nxp.mcuxpresso.tools.macosx_11.3.0.202011031536/tools/bin/../lib/gcc/arm-none-eabi/9.3.1/../../../../arm-none-eabi/lib/thumb/v7-m/nofp/libcr_c.a(printf.o)
_vsnprintf                                        /Applications/MCUXpressoIDE_11.3.0_5222/ide/plugins/com.nxp.mcuxpresso.tools.macosx_11.3.0.202011031536/tools/bin/../lib/gcc/arm-none-eabi/9.3.1/../../../../arm-none-eabi/lib/thumb/v7-m/nofp/libcr_c.a(printf.o)
_vsprintf                                         /Applications/MCUXpressoIDE_11.3.0_5222/ide/plugins/com.nxp.mcuxpresso.tools.macosx_11.3.0.202011031536/tools/bin/../lib/gcc/arm-none-eabi/9.3.1/../../../../arm-none-eabi/lib/thumb/v7-m/nofp/libcr_c.a(printf.o)
bss_init                                          ./src/cr_startup_lpc175x_6x.o
calloc                                            /Applications/MCUXpressoIDE_11.3.0_5222/ide/plugins/com.nxp.mcuxpresso.tools.macosx_11.3.0.202011031536/tools/bin/../lib/gcc/arm-none-eabi/9.3.1/../../../../arm-none-eabi/lib/thumb/v7-m/nofp/libcr_c.a(alloc.o)
clearGPIO                                         ./src/LPC1769_HelloWorld.o
data_init                                         ./src/cr_startup_lpc175x_6x.o
errno                                             /Applications/MCUXpressoIDE_11.3.0_5222/ide/plugins/com.nxp.mcuxpresso.tools.macosx_11.3.0.202011031536/tools/bin/../lib/gcc/arm-none-eabi/9.3.1/../../../../arm-none-eabi/lib/thumb/v7-m/nofp/libcr_c.a(errno.o)
                                                  /Applications/MCUXpressoIDE_11.3.0_5222/ide/plugins/com.nxp.mcuxpresso.tools.macosx_11.3.0.202011031536/tools/bin/../lib/gcc/arm-none-eabi/9.3.1/../../../../arm-none-eabi/lib/thumb/v7-m/nofp/libcr_c.a(_cr_sbrk.o)
                                                  /Applications/MCUXpressoIDE_11.3.0_5222/ide/plugins/com.nxp.mcuxpresso.tools.macosx_11.3.0.202011031536/tools/bin/../lib/gcc/arm-none-eabi/9.3.1/../../../../arm-none-eabi/lib/thumb/v7-m/nofp/libcr_c.a(ftell.o)
                                                  /Applications/MCUXpressoIDE_11.3.0_5222/ide/plugins/com.nxp.mcuxpresso.tools.macosx_11.3.0.202011031536/tools/bin/../lib/gcc/arm-none-eabi/9.3.1/../../../../arm-none-eabi/lib/thumb/v7-m/nofp/libcr_c.a(_ldexpl.o)
fclose                                            /Applications/MCUXpressoIDE_11.3.0_5222/ide/plugins/com.nxp.mcuxpresso.tools.macosx_11.3.0.202011031536/tools/bin/../lib/gcc/arm-none-eabi/9.3.1/../../../../arm-none-eabi/lib/thumb/v7-m/nofp/libcr_c.a(fclose.o)
                                                  /Applications/MCUXpressoIDE_11.3.0_5222/ide/plugins/com.nxp.mcuxpresso.tools.macosx_11.3.0.202011031536/tools/bin/../lib/gcc/arm-none-eabi/9.3.1/../../../../arm-none-eabi/lib/thumb/v7-m/nofp/libcr_c.a(_fdopen.o)
                                                  /Applications/MCUXpressoIDE_11.3.0_5222/ide/plugins/com.nxp.mcuxpresso.tools.macosx_11.3.0.202011031536/tools/bin/../lib/gcc/arm-none-eabi/9.3.1/../../../../arm-none-eabi/lib/thumb/v7-m/nofp/libcr_c.a(initio.o)
fflush                                            /Applications/MCUXpressoIDE_11.3.0_5222/ide/plugins/com.nxp.mcuxpresso.tools.macosx_11.3.0.202011031536/tools/bin/../lib/gcc/arm-none-eabi/9.3.1/../../../../arm-none-eabi/lib/thumb/v7-m/nofp/libcr_c.a(fflush.o)
                                                  /Applications/MCUXpressoIDE_11.3.0_5222/ide/plugins/com.nxp.mcuxpresso.tools.macosx_11.3.0.202011031536/tools/bin/../lib/gcc/arm-none-eabi/9.3.1/../../../../arm-none-eabi/lib/thumb/v7-m/nofp/libcr_c.a(fclose.o)
fprintf                                           /Applications/MCUXpressoIDE_11.3.0_5222/ide/plugins/com.nxp.mcuxpresso.tools.macosx_11.3.0.202011031536/tools/bin/../lib/gcc/arm-none-eabi/9.3.1/../../../../arm-none-eabi/lib/thumb/v7-m/nofp/libcr_c.a(fpprintf.o)
free                                              /Applications/MCUXpressoIDE_11.3.0_5222/ide/plugins/com.nxp.mcuxpresso.tools.macosx_11.3.0.202011031536/tools/bin/../lib/gcc/arm-none-eabi/9.3.1/../../../../arm-none-eabi/lib/thumb/v7-m/nofp/libcr_c.a(alloc.o)
                                                  /Applications/MCUXpressoIDE_11.3.0_5222/ide/plugins/com.nxp.mcuxpresso.tools.macosx_11.3.0.202011031536/tools/bin/../lib/gcc/arm-none-eabi/9.3.1/../../../../arm-none-eabi/lib/thumb/v7-m/nofp/libcr_c.a(fclose.o)
                                                  /Applications/MCUXpressoIDE_11.3.0_5222/ide/plugins/com.nxp.mcuxpresso.tools.macosx_11.3.0.202011031536/tools/bin/../lib/gcc/arm-none-eabi/9.3.1/../../../../arm-none-eabi/lib/thumb/v7-m/nofp/libcr_c.a(printf.o)
                                                  /Applications/MCUXpressoIDE_11.3.0_5222/ide/plugins/com.nxp.mcuxpresso.tools.macosx_11.3.0.202011031536/tools/bin/../lib/gcc/arm-none-eabi/9.3.1/../../../../arm-none-eabi/lib/thumb/v7-m/nofp/libcr_c.a(fpprintf.o)
fseek                                             /Applications/MCUXpressoIDE_11.3.0_5222/ide/plugins/com.nxp.mcuxpresso.tools.macosx_11.3.0.202011031536/tools/bin/../lib/gcc/arm-none-eabi/9.3.1/../../../../arm-none-eabi/lib/thumb/v7-m/nofp/libcr_c.a(fseek.o)
                                                  /Applications/MCUXpressoIDE_11.3.0_5222/ide/plugins/com.nxp.mcuxpresso.tools.macosx_11.3.0.202011031536/tools/bin/../lib/gcc/arm-none-eabi/9.3.1/../../../../arm-none-eabi/lib/thumb/v7-m/nofp/libcr_c.a(_do_fflush.o)
                                                  /Applications/MCUXpressoIDE_11.3.0_5222/ide/plugins/com.nxp.mcuxpresso.tools.macosx_11.3.0.202011031536/tools/bin/../lib/gcc/arm-none-eabi/9.3.1/../../../../arm-none-eabi/lib/thumb/v7-m/nofp/libcr_c.a(_fdopen.o)
                                                  /Applications/MCUXpressoIDE_11.3.0_5222/ide/plugins/com.nxp.mcuxpresso.tools.macosx_11.3.0.202011031536/tools/bin/../lib/gcc/arm-none-eabi/9.3.1/../../../../arm-none-eabi/lib/thumb/v7-m/nofp/libcr_c.a(_deferredlazyseek.o)
ftell                                             /Applications/MCUXpressoIDE_11.3.0_5222/ide/plugins/com.nxp.mcuxpresso.tools.macosx_11.3.0.202011031536/tools/bin/../lib/gcc/arm-none-eabi/9.3.1/../../../../arm-none-eabi/lib/thumb/v7-m/nofp/libcr_c.a(ftell.o)
                                                  /Applications/MCUXpressoIDE_11.3.0_5222/ide/plugins/com.nxp.mcuxpresso.tools.macosx_11.3.0.202011031536/tools/bin/../lib/gcc/arm-none-eabi/9.3.1/../../../../arm-none-eabi/lib/thumb/v7-m/nofp/libcr_c.a(fseek.o)
g_pfnVectors                                      ./src/cr_startup_lpc175x_6x.o
main                                              ./src/LPC1769_HelloWorld.o
                                                  /Applications/MCUXpressoIDE_11.3.0_5222/ide/plugins/com.nxp.mcuxpresso.tools.macosx_11.3.0.202011031536/tools/bin/../lib/gcc/arm-none-eabi/9.3.1/../../../../arm-none-eabi/lib/thumb/v7-m/nofp/libcr_semihost.a(_cr__main.o)
malloc                                            /Applications/MCUXpressoIDE_11.3.0_5222/ide/plugins/com.nxp.mcuxpresso.tools.macosx_11.3.0.202011031536/tools/bin/../lib/gcc/arm-none-eabi/9.3.1/../../../../arm-none-eabi/lib/thumb/v7-m/nofp/libcr_c.a(alloc.o)
                                                  /Applications/MCUXpressoIDE_11.3.0_5222/ide/plugins/com.nxp.mcuxpresso.tools.macosx_11.3.0.202011031536/tools/bin/../lib/gcc/arm-none-eabi/9.3.1/../../../../arm-none-eabi/lib/thumb/v7-m/nofp/libcr_c.a(printf.o)
                                                  /Applications/MCUXpressoIDE_11.3.0_5222/ide/plugins/com.nxp.mcuxpresso.tools.macosx_11.3.0.202011031536/tools/bin/../lib/gcc/arm-none-eabi/9.3.1/../../../../arm-none-eabi/lib/thumb/v7-m/nofp/libcr_c.a(fpprintf.o)
memcpy                                            /Applications/MCUXpressoIDE_11.3.0_5222/ide/plugins/com.nxp.mcuxpresso.tools.macosx_11.3.0.202011031536/tools/bin/../lib/gcc/arm-none-eabi/9.3.1/../../../../arm-none-eabi/lib/thumb/v7-m/nofp/libcr_c.a(memcpy.o)
                                                  /Applications/MCUXpressoIDE_11.3.0_5222/ide/plugins/com.nxp.mcuxpresso.tools.macosx_11.3.0.202011031536/tools/bin/../lib/gcc/arm-none-eabi/9.3.1/../../../../arm-none-eabi/lib/thumb/v7-m/nofp/libcr_c.a(alloc.o)
memset                                            /Applications/MCUXpressoIDE_11.3.0_5222/ide/plugins/com.nxp.mcuxpresso.tools.macosx_11.3.0.202011031536/tools/bin/../lib/gcc/arm-none-eabi/9.3.1/../../../../arm-none-eabi/lib/thumb/v7-m/nofp/libcr_c.a(memset.o)
                                                  /Applications/MCUXpressoIDE_11.3.0_5222/ide/plugins/com.nxp.mcuxpresso.tools.macosx_11.3.0.202011031536/tools/bin/../lib/gcc/arm-none-eabi/9.3.1/../../../../arm-none-eabi/lib/thumb/v7-m/nofp/libcr_c.a(fclose.o)
                                                  /Applications/MCUXpressoIDE_11.3.0_5222/ide/plugins/com.nxp.mcuxpresso.tools.macosx_11.3.0.202011031536/tools/bin/../lib/gcc/arm-none-eabi/9.3.1/../../../../arm-none-eabi/lib/thumb/v7-m/nofp/libcr_c.a(alloc.o)
                                                  /Applications/MCUXpressoIDE_11.3.0_5222/ide/plugins/com.nxp.mcuxpresso.tools.macosx_11.3.0.202011031536/tools/bin/../lib/gcc/arm-none-eabi/9.3.1/../../../../arm-none-eabi/lib/thumb/v7-m/nofp/libcr_c.a(printf.o)
                                                  /Applications/MCUXpressoIDE_11.3.0_5222/ide/plugins/com.nxp.mcuxpresso.tools.macosx_11.3.0.202011031536/tools/bin/../lib/gcc/arm-none-eabi/9.3.1/../../../../arm-none-eabi/lib/thumb/v7-m/nofp/libcr_c.a(fpprintf.o)
printDetails                                      ./src/LPC1769_HelloWorld.o
printf                                            /Applications/MCUXpressoIDE_11.3.0_5222/ide/plugins/com.nxp.mcuxpresso.tools.macosx_11.3.0.202011031536/tools/bin/../lib/gcc/arm-none-eabi/9.3.1/../../../../arm-none-eabi/lib/thumb/v7-m/nofp/libcr_c.a(fpprintf.o)
                                                  ./src/LPC1769_HelloWorld.o
printf_char                                       /Applications/MCUXpressoIDE_11.3.0_5222/ide/plugins/com.nxp.mcuxpresso.tools.macosx_11.3.0.202011031536/tools/bin/../lib/gcc/arm-none-eabi/9.3.1/../../../../arm-none-eabi/lib/thumb/v7-m/nofp/libcr_c.a(fpprintf.o)
puts                                              /Applications/MCUXpressoIDE_11.3.0_5222/ide/plugins/com.nxp.mcuxpresso.tools.macosx_11.3.0.202011031536/tools/bin/../lib/gcc/arm-none-eabi/9.3.1/../../../../arm-none-eabi/lib/thumb/v7-m/nofp/libcr_c.a(puts.o)
                                                  ./src/LPC1769_HelloWorld.o